
10E>date
A:DATE     COM  (User 0)
Tue 02/06/2026 08:11:00
10E>; Compile all LIBC19.LIB modules from sources
10E>c
A:C        COM  (User 0)
Hi-Tech Z80 C Compiler (CP/M-80) V3.09-20
Copyright (C) 1984-87 HI-TECH SOFTWARE
Updated from https://github.com/agn453/HI-TECH-Z80-C
c> -o -v -c abort.c \
c> abs.as \
c> allsh.as \
c> alrsh.as \
c> asallsh.as \
c> asalrsh.as \
c> asar.as \
c> asdiv.as \
c> asladd.as \
c> asland.as \
c> asll.as \
c> asllrsh.as \
c> aslmul.as \
c> aslor.as \
c> aslr.as \
c> aslsub.as \
c> aslxor.as \
c> asmod.as \
c> asmul.as \
c> assert.c \
c> atoi.as \
c> atol.c \
c> bdos.as \
c> bios.as \
c> bitfield.as \
c> blkclr.as \
c> blkcpy.c \
c> bmove.as \
c> brelop.as \
c> buf.c \
c> calloc.c \
c> cgets.c \
c> chmod.c \
c> cleanup.c \
c> close.c \
c> convtime.c \
c> cputs.c \
c> creat.c \
c> csv.as \
c> ctime.c \
c> ctype_.c \
c> ctype.c \
c> doprnt.c \
c> doscan.c \
c> dup.c \
c> exec.as \
c> execl.as \
c> _exit.as \
c> exit.c \
c> fakeclea.c \
c> fakecpcl.as \
c> fcbname.c \
c> fclose.c \
c> fflush.c \
c> fgetc.c \
c> filbuf.c \
c> flsbuf.c \
c> fopen.c \
c> fprintf.c \
c> fputc.c \
c> fread.c \
c> frelop.as \
c> freopen.c \
c> fscanf.c \
c> fseek.c \
c> fwrite.c \
c> getargs.c \
c> getch.c \
c> getenv.c \
c> getfcb.c \
c> gets.c \
c> getsp.as \
c> getuid.as \
c> getw.c \
c> idiv.as \
c> imul.as \
c> index.as \
c> inout.as \
c> iregset.as \
c> isalpha.as \
c> isatty.c \
c> isdigit.as
ABORT.C
0:A:CPP -DCPM -DHI_TECH_C -Dz80 -I0:A: ABORT.C M:$CTMP1.$$$
0:A:P1 M:$CTMP1.$$$ M:$CTMP2.$$$ M:$CTMP3.$$$
0:A:CGEN M:$CTMP2.$$$ M:$CTMP1.$$$
0:A:OPTIM M:$CTMP1.$$$ M:$CTMP2.$$$
0:A:ZAS -J -N -OABORT.OBJ M:$CTMP2.$$$
ABS.AS
0:A:ZAS -J -OABS.OBJ ABS.AS
ALLSH.AS
0:A:ZAS -J -OALLSH.OBJ ALLSH.AS
ALRSH.AS
0:A:ZAS -J -OALRSH.OBJ ALRSH.AS
ASALLSH.AS
0:A:ZAS -J -OASALLSH.OBJ ASALLSH.AS
ASALRSH.AS
0:A:ZAS -J -OASALRSH.OBJ ASALRSH.AS
ASAR.AS
0:A:ZAS -J -OASAR.OBJ ASAR.AS
ASDIV.AS
0:A:ZAS -J -OASDIV.OBJ ASDIV.AS
ASLADD.AS
0:A:ZAS -J -OASLADD.OBJ ASLADD.AS
ASLAND.AS
0:A:ZAS -J -OASLAND.OBJ ASLAND.AS
ASLL.AS
0:A:ZAS -J -OASLL.OBJ ASLL.AS
ASLLRSH.AS
0:A:ZAS -J -OASLLRSH.OBJ ASLLRSH.AS
ASLMUL.AS
0:A:ZAS -J -OASLMUL.OBJ ASLMUL.AS
ASLOR.AS
0:A:ZAS -J -OASLOR.OBJ ASLOR.AS
ASLR.AS
0:A:ZAS -J -OASLR.OBJ ASLR.AS
ASLSUB.AS
0:A:ZAS -J -OASLSUB.OBJ ASLSUB.AS
ASLXOR.AS
0:A:ZAS -J -OASLXOR.OBJ ASLXOR.AS
ASMOD.AS
0:A:ZAS -J -OASMOD.OBJ ASMOD.AS
ASMUL.AS
0:A:ZAS -J -OASMUL.OBJ ASMUL.AS
ASSERT.C
0:A:CPP -DCPM -DHI_TECH_C -Dz80 -I0:A: ASSERT.C M:$CTMP1.$$$
0:A:P1 M:$CTMP1.$$$ M:$CTMP2.$$$ M:$CTMP3.$$$
0:A:CGEN M:$CTMP2.$$$ M:$CTMP1.$$$
0:A:OPTIM M:$CTMP1.$$$ M:$CTMP2.$$$
0:A:ZAS -J -N -OASSERT.OBJ M:$CTMP2.$$$
ATOI.AS
0:A:ZAS -J -OATOI.OBJ ATOI.AS
ATOL.C
0:A:CPP -DCPM -DHI_TECH_C -Dz80 -I0:A: ATOL.C M:$CTMP1.$$$
0:A:P1 M:$CTMP1.$$$ M:$CTMP2.$$$ M:$CTMP3.$$$
0:A:CGEN M:$CTMP2.$$$ M:$CTMP1.$$$
0:A:OPTIM M:$CTMP1.$$$ M:$CTMP2.$$$
0:A:ZAS -J -N -OATOL.OBJ M:$CTMP2.$$$
BDOS.AS
0:A:ZAS -J -OBDOS.OBJ BDOS.AS
BIOS.AS
0:A:ZAS -J -OBIOS.OBJ BIOS.AS
BITFIELD.AS
0:A:ZAS -J -OBITFIELD.OBJ BITFIELD.AS
BLKCLR.AS
0:A:ZAS -J -OBLKCLR.OBJ BLKCLR.AS
BLKCPY.C
0:A:CPP -DCPM -DHI_TECH_C -Dz80 -I0:A: BLKCPY.C M:$CTMP1.$$$
0:A:P1 M:$CTMP1.$$$ M:$CTMP2.$$$ M:$CTMP3.$$$
0:A:CGEN M:$CTMP2.$$$ M:$CTMP1.$$$
0:A:OPTIM M:$CTMP1.$$$ M:$CTMP2.$$$
0:A:ZAS -J -N -OBLKCPY.OBJ M:$CTMP2.$$$
BMOVE.AS
0:A:ZAS -J -OBMOVE.OBJ BMOVE.AS
BRELOP.AS
0:A:ZAS -J -OBRELOP.OBJ BRELOP.AS
BUF.C
0:A:CPP -DCPM -DHI_TECH_C -Dz80 -I0:A: BUF.C M:$CTMP1.$$$
0:A:P1 M:$CTMP1.$$$ M:$CTMP2.$$$ M:$CTMP3.$$$
0:A:CGEN M:$CTMP2.$$$ M:$CTMP1.$$$
0:A:OPTIM M:$CTMP1.$$$ M:$CTMP2.$$$
0:A:ZAS -J -N -OBUF.OBJ M:$CTMP2.$$$
CALLOC.C
0:A:CPP -DCPM -DHI_TECH_C -Dz80 -I0:A: CALLOC.C M:$CTMP1.$$$
0:A:P1 M:$CTMP1.$$$ M:$CTMP2.$$$ M:$CTMP3.$$$
0:A:CGEN M:$CTMP2.$$$ M:$CTMP1.$$$
0:A:OPTIM M:$CTMP1.$$$ M:$CTMP2.$$$
0:A:ZAS -J -N -OCALLOC.OBJ M:$CTMP2.$$$
CGETS.C
0:A:CPP -DCPM -DHI_TECH_C -Dz80 -I0:A: CGETS.C M:$CTMP1.$$$
0:A:P1 M:$CTMP1.$$$ M:$CTMP2.$$$ M:$CTMP3.$$$
0:A:CGEN M:$CTMP2.$$$ M:$CTMP1.$$$
0:A:OPTIM M:$CTMP1.$$$ M:$CTMP2.$$$
0:A:ZAS -J -N -OCGETS.OBJ M:$CTMP2.$$$
CHMOD.C
0:A:CPP -DCPM -DHI_TECH_C -Dz80 -I0:A: CHMOD.C M:$CTMP1.$$$
0:A:P1 M:$CTMP1.$$$ M:$CTMP2.$$$ M:$CTMP3.$$$
0:A:CGEN M:$CTMP2.$$$ M:$CTMP1.$$$
0:A:OPTIM M:$CTMP1.$$$ M:$CTMP2.$$$
0:A:ZAS -J -N -OCHMOD.OBJ M:$CTMP2.$$$
CLEANUP.C
0:A:CPP -DCPM -DHI_TECH_C -Dz80 -I0:A: CLEANUP.C M:$CTMP1.$$$
0:A:P1 M:$CTMP1.$$$ M:$CTMP2.$$$ M:$CTMP3.$$$
0:A:CGEN M:$CTMP2.$$$ M:$CTMP1.$$$
0:A:OPTIM M:$CTMP1.$$$ M:$CTMP2.$$$
0:A:ZAS -J -N -OCLEANUP.OBJ M:$CTMP2.$$$
CLOSE.C
0:A:CPP -DCPM -DHI_TECH_C -Dz80 -I0:A: CLOSE.C M:$CTMP1.$$$
0:A:P1 M:$CTMP1.$$$ M:$CTMP2.$$$ M:$CTMP3.$$$
0:A:CGEN M:$CTMP2.$$$ M:$CTMP1.$$$
0:A:OPTIM M:$CTMP1.$$$ M:$CTMP2.$$$
0:A:ZAS -J -N -OCLOSE.OBJ M:$CTMP2.$$$
CONVTIME.C
0:A:CPP -DCPM -DHI_TECH_C -Dz80 -I0:A: CONVTIME.C M:$CTMP1.$$$
0:A:P1 M:$CTMP1.$$$ M:$CTMP2.$$$ M:$CTMP3.$$$
0:A:CGEN M:$CTMP2.$$$ M:$CTMP1.$$$
0:A:OPTIM M:$CTMP1.$$$ M:$CTMP2.$$$
0:A:ZAS -J -N -OCONVTIME.OBJ M:$CTMP2.$$$
CPUTS.C
0:A:CPP -DCPM -DHI_TECH_C -Dz80 -I0:A: CPUTS.C M:$CTMP1.$$$
0:A:P1 M:$CTMP1.$$$ M:$CTMP2.$$$ M:$CTMP3.$$$
0:A:CGEN M:$CTMP2.$$$ M:$CTMP1.$$$
0:A:OPTIM M:$CTMP1.$$$ M:$CTMP2.$$$
0:A:ZAS -J -N -OCPUTS.OBJ M:$CTMP2.$$$
CREAT.C
0:A:CPP -DCPM -DHI_TECH_C -Dz80 -I0:A: CREAT.C M:$CTMP1.$$$
0:A:P1 M:$CTMP1.$$$ M:$CTMP2.$$$ M:$CTMP3.$$$
0:A:CGEN M:$CTMP2.$$$ M:$CTMP1.$$$
0:A:OPTIM M:$CTMP1.$$$ M:$CTMP2.$$$
0:A:ZAS -J -N -OCREAT.OBJ M:$CTMP2.$$$
CSV.AS
0:A:ZAS -J -OCSV.OBJ CSV.AS
CTIME.C
0:A:CPP -DCPM -DHI_TECH_C -Dz80 -I0:A: CTIME.C M:$CTMP1.$$$
0:A:P1 M:$CTMP1.$$$ M:$CTMP2.$$$ M:$CTMP3.$$$
0:A:CGEN M:$CTMP2.$$$ M:$CTMP1.$$$
0:A:OPTIM M:$CTMP1.$$$ M:$CTMP2.$$$
0:A:ZAS -J -N -OCTIME.OBJ M:$CTMP2.$$$
CTYPE_.C
0:A:CPP -DCPM -DHI_TECH_C -Dz80 -I0:A: CTYPE_.C M:$CTMP1.$$$
0:A:P1 M:$CTMP1.$$$ M:$CTMP2.$$$ M:$CTMP3.$$$
0:A:CGEN M:$CTMP2.$$$ M:$CTMP1.$$$
0:A:OPTIM M:$CTMP1.$$$ M:$CTMP2.$$$
0:A:ZAS -J -N -OCTYPE_.OBJ M:$CTMP2.$$$
CTYPE.C
0:A:CPP -DCPM -DHI_TECH_C -Dz80 -I0:A: CTYPE.C M:$CTMP1.$$$
0:A:P1 M:$CTMP1.$$$ M:$CTMP2.$$$ M:$CTMP3.$$$
0:A:CGEN M:$CTMP2.$$$ M:$CTMP1.$$$
0:A:OPTIM M:$CTMP1.$$$ M:$CTMP2.$$$
0:A:ZAS -J -N -OCTYPE.OBJ M:$CTMP2.$$$
DOPRNT.C
0:A:CPP -DCPM -DHI_TECH_C -Dz80 -I0:A: DOPRNT.C M:$CTMP1.$$$
0:A:P1 M:$CTMP1.$$$ M:$CTMP2.$$$ M:$CTMP3.$$$
0:A:CGEN M:$CTMP2.$$$ M:$CTMP1.$$$
0:A:OPTIM M:$CTMP1.$$$ M:$CTMP2.$$$
0:A:ZAS -J -N -ODOPRNT.OBJ M:$CTMP2.$$$
DOSCAN.C
0:A:CPP -DCPM -DHI_TECH_C -Dz80 -I0:A: DOSCAN.C M:$CTMP1.$$$
0:A:P1 M:$CTMP1.$$$ M:$CTMP2.$$$ M:$CTMP3.$$$
0:A:CGEN M:$CTMP2.$$$ M:$CTMP1.$$$
0:A:OPTIM M:$CTMP1.$$$ M:$CTMP2.$$$
0:A:ZAS -J -N -ODOSCAN.OBJ M:$CTMP2.$$$
DUP.C
0:A:CPP -DCPM -DHI_TECH_C -Dz80 -I0:A: DUP.C M:$CTMP1.$$$
0:A:P1 M:$CTMP1.$$$ M:$CTMP2.$$$ M:$CTMP3.$$$
0:A:CGEN M:$CTMP2.$$$ M:$CTMP1.$$$
0:A:OPTIM M:$CTMP1.$$$ M:$CTMP2.$$$
0:A:ZAS -J -N -ODUP.OBJ M:$CTMP2.$$$
EXEC.AS
0:A:ZAS -J -OEXEC.OBJ EXEC.AS
EXECL.AS
0:A:ZAS -J -OEXECL.OBJ EXECL.AS
_EXIT.AS
0:A:ZAS -J -O_EXIT.OBJ _EXIT.AS
EXIT.C
0:A:CPP -DCPM -DHI_TECH_C -Dz80 -I0:A: EXIT.C M:$CTMP1.$$$
0:A:P1 M:$CTMP1.$$$ M:$CTMP2.$$$ M:$CTMP3.$$$
0:A:CGEN M:$CTMP2.$$$ M:$CTMP1.$$$
0:A:OPTIM M:$CTMP1.$$$ M:$CTMP2.$$$
0:A:ZAS -J -N -OEXIT.OBJ M:$CTMP2.$$$
FAKECLEA.C
0:A:CPP -DCPM -DHI_TECH_C -Dz80 -I0:A: FAKECLEA.C M:$CTMP1.$$$
0:A:P1 M:$CTMP1.$$$ M:$CTMP2.$$$ M:$CTMP3.$$$
0:A:CGEN M:$CTMP2.$$$ M:$CTMP1.$$$
0:A:OPTIM M:$CTMP1.$$$ M:$CTMP2.$$$
0:A:ZAS -J -N -OFAKECLEA.OBJ M:$CTMP2.$$$
FAKECPCL.AS
0:A:ZAS -J -OFAKECPCL.OBJ FAKECPCL.AS
FCBNAME.C
0:A:CPP -DCPM -DHI_TECH_C -Dz80 -I0:A: FCBNAME.C M:$CTMP1.$$$
0:A:P1 M:$CTMP1.$$$ M:$CTMP2.$$$ M:$CTMP3.$$$
0:A:CGEN M:$CTMP2.$$$ M:$CTMP1.$$$
0:A:OPTIM M:$CTMP1.$$$ M:$CTMP2.$$$
0:A:ZAS -J -N -OFCBNAME.OBJ M:$CTMP2.$$$
FCLOSE.C
0:A:CPP -DCPM -DHI_TECH_C -Dz80 -I0:A: FCLOSE.C M:$CTMP1.$$$
0:A:P1 M:$CTMP1.$$$ M:$CTMP2.$$$ M:$CTMP3.$$$
0:A:CGEN M:$CTMP2.$$$ M:$CTMP1.$$$
0:A:OPTIM M:$CTMP1.$$$ M:$CTMP2.$$$
0:A:ZAS -J -N -OFCLOSE.OBJ M:$CTMP2.$$$
FFLUSH.C
0:A:CPP -DCPM -DHI_TECH_C -Dz80 -I0:A: FFLUSH.C M:$CTMP1.$$$
0:A:P1 M:$CTMP1.$$$ M:$CTMP2.$$$ M:$CTMP3.$$$
0:A:CGEN M:$CTMP2.$$$ M:$CTMP1.$$$
0:A:OPTIM M:$CTMP1.$$$ M:$CTMP2.$$$
0:A:ZAS -J -N -OFFLUSH.OBJ M:$CTMP2.$$$
FGETC.C
0:A:CPP -DCPM -DHI_TECH_C -Dz80 -I0:A: FGETC.C M:$CTMP1.$$$
0:A:P1 M:$CTMP1.$$$ M:$CTMP2.$$$ M:$CTMP3.$$$
0:A:CGEN M:$CTMP2.$$$ M:$CTMP1.$$$
0:A:OPTIM M:$CTMP1.$$$ M:$CTMP2.$$$
0:A:ZAS -J -N -OFGETC.OBJ M:$CTMP2.$$$
FILBUF.C
0:A:CPP -DCPM -DHI_TECH_C -Dz80 -I0:A: FILBUF.C M:$CTMP1.$$$
0:A:P1 M:$CTMP1.$$$ M:$CTMP2.$$$ M:$CTMP3.$$$
0:A:CGEN M:$CTMP2.$$$ M:$CTMP1.$$$
0:A:OPTIM M:$CTMP1.$$$ M:$CTMP2.$$$
0:A:ZAS -J -N -OFILBUF.OBJ M:$CTMP2.$$$
FLSBUF.C
0:A:CPP -DCPM -DHI_TECH_C -Dz80 -I0:A: FLSBUF.C M:$CTMP1.$$$
0:A:P1 M:$CTMP1.$$$ M:$CTMP2.$$$ M:$CTMP3.$$$
0:A:CGEN M:$CTMP2.$$$ M:$CTMP1.$$$
0:A:OPTIM M:$CTMP1.$$$ M:$CTMP2.$$$
0:A:ZAS -J -N -OFLSBUF.OBJ M:$CTMP2.$$$
FOPEN.C
0:A:CPP -DCPM -DHI_TECH_C -Dz80 -I0:A: FOPEN.C M:$CTMP1.$$$
0:A:P1 M:$CTMP1.$$$ M:$CTMP2.$$$ M:$CTMP3.$$$
0:A:CGEN M:$CTMP2.$$$ M:$CTMP1.$$$
0:A:OPTIM M:$CTMP1.$$$ M:$CTMP2.$$$
0:A:ZAS -J -N -OFOPEN.OBJ M:$CTMP2.$$$
FPRINTF.C
0:A:CPP -DCPM -DHI_TECH_C -Dz80 -I0:A: FPRINTF.C M:$CTMP1.$$$
0:A:P1 M:$CTMP1.$$$ M:$CTMP2.$$$ M:$CTMP3.$$$
0:A:CGEN M:$CTMP2.$$$ M:$CTMP1.$$$
0:A:OPTIM M:$CTMP1.$$$ M:$CTMP2.$$$
0:A:ZAS -J -N -OFPRINTF.OBJ M:$CTMP2.$$$
FPUTC.C
0:A:CPP -DCPM -DHI_TECH_C -Dz80 -I0:A: FPUTC.C M:$CTMP1.$$$
0:A:P1 M:$CTMP1.$$$ M:$CTMP2.$$$ M:$CTMP3.$$$
0:A:CGEN M:$CTMP2.$$$ M:$CTMP1.$$$
0:A:OPTIM M:$CTMP1.$$$ M:$CTMP2.$$$
0:A:ZAS -J -N -OFPUTC.OBJ M:$CTMP2.$$$
FREAD.C
0:A:CPP -DCPM -DHI_TECH_C -Dz80 -I0:A: FREAD.C M:$CTMP1.$$$
0:A:P1 M:$CTMP1.$$$ M:$CTMP2.$$$ M:$CTMP3.$$$
0:A:CGEN M:$CTMP2.$$$ M:$CTMP1.$$$
0:A:OPTIM M:$CTMP1.$$$ M:$CTMP2.$$$
0:A:ZAS -J -N -OFREAD.OBJ M:$CTMP2.$$$
FRELOP.AS
0:A:ZAS -J -OFRELOP.OBJ FRELOP.AS
FREOPEN.C
0:A:CPP -DCPM -DHI_TECH_C -Dz80 -I0:A: FREOPEN.C M:$CTMP1.$$$
0:A:P1 M:$CTMP1.$$$ M:$CTMP2.$$$ M:$CTMP3.$$$
0:A:CGEN M:$CTMP2.$$$ M:$CTMP1.$$$
0:A:OPTIM M:$CTMP1.$$$ M:$CTMP2.$$$
0:A:ZAS -J -N -OFREOPEN.OBJ M:$CTMP2.$$$
FSCANF.C
0:A:CPP -DCPM -DHI_TECH_C -Dz80 -I0:A: FSCANF.C M:$CTMP1.$$$
0:A:P1 M:$CTMP1.$$$ M:$CTMP2.$$$ M:$CTMP3.$$$
0:A:CGEN M:$CTMP2.$$$ M:$CTMP1.$$$
0:A:OPTIM M:$CTMP1.$$$ M:$CTMP2.$$$
0:A:ZAS -J -N -OFSCANF.OBJ M:$CTMP2.$$$
FSEEK.C
0:A:CPP -DCPM -DHI_TECH_C -Dz80 -I0:A: FSEEK.C M:$CTMP1.$$$
0:A:P1 M:$CTMP1.$$$ M:$CTMP2.$$$ M:$CTMP3.$$$
0:A:CGEN M:$CTMP2.$$$ M:$CTMP1.$$$
0:A:OPTIM M:$CTMP1.$$$ M:$CTMP2.$$$
0:A:ZAS -J -N -OFSEEK.OBJ M:$CTMP2.$$$
FWRITE.C
0:A:CPP -DCPM -DHI_TECH_C -Dz80 -I0:A: FWRITE.C M:$CTMP1.$$$
0:A:P1 M:$CTMP1.$$$ M:$CTMP2.$$$ M:$CTMP3.$$$
0:A:CGEN M:$CTMP2.$$$ M:$CTMP1.$$$
0:A:OPTIM M:$CTMP1.$$$ M:$CTMP2.$$$
0:A:ZAS -J -N -OFWRITE.OBJ M:$CTMP2.$$$
GETARGS.C
0:A:CPP -DCPM -DHI_TECH_C -Dz80 -I0:A: GETARGS.C M:$CTMP1.$$$
0:A:P1 M:$CTMP1.$$$ M:$CTMP2.$$$ M:$CTMP3.$$$
0:A:CGEN M:$CTMP2.$$$ M:$CTMP1.$$$
0:A:OPTIM M:$CTMP1.$$$ M:$CTMP2.$$$
0:A:ZAS -J -N -OGETARGS.OBJ M:$CTMP2.$$$
GETCH.C
0:A:CPP -DCPM -DHI_TECH_C -Dz80 -I0:A: GETCH.C M:$CTMP1.$$$
0:A:P1 M:$CTMP1.$$$ M:$CTMP2.$$$ M:$CTMP3.$$$
0:A:CGEN M:$CTMP2.$$$ M:$CTMP1.$$$
0:A:OPTIM M:$CTMP1.$$$ M:$CTMP2.$$$
0:A:ZAS -J -N -OGETCH.OBJ M:$CTMP2.$$$
GETENV.C
0:A:CPP -DCPM -DHI_TECH_C -Dz80 -I0:A: GETENV.C M:$CTMP1.$$$
0:A:P1 M:$CTMP1.$$$ M:$CTMP2.$$$ M:$CTMP3.$$$
0:A:CGEN M:$CTMP2.$$$ M:$CTMP1.$$$
0:A:OPTIM M:$CTMP1.$$$ M:$CTMP2.$$$
0:A:ZAS -J -N -OGETENV.OBJ M:$CTMP2.$$$
GETFCB.C
0:A:CPP -DCPM -DHI_TECH_C -Dz80 -I0:A: GETFCB.C M:$CTMP1.$$$
0:A:P1 M:$CTMP1.$$$ M:$CTMP2.$$$ M:$CTMP3.$$$
0:A:CGEN M:$CTMP2.$$$ M:$CTMP1.$$$
0:A:OPTIM M:$CTMP1.$$$ M:$CTMP2.$$$
0:A:ZAS -J -N -OGETFCB.OBJ M:$CTMP2.$$$
GETS.C
0:A:CPP -DCPM -DHI_TECH_C -Dz80 -I0:A: GETS.C M:$CTMP1.$$$
0:A:P1 M:$CTMP1.$$$ M:$CTMP2.$$$ M:$CTMP3.$$$
0:A:CGEN M:$CTMP2.$$$ M:$CTMP1.$$$
0:A:OPTIM M:$CTMP1.$$$ M:$CTMP2.$$$
0:A:ZAS -J -N -OGETS.OBJ M:$CTMP2.$$$
GETSP.AS
0:A:ZAS -J -OGETSP.OBJ GETSP.AS
GETUID.AS
0:A:ZAS -J -OGETUID.OBJ GETUID.AS
GETW.C
0:A:CPP -DCPM -DHI_TECH_C -Dz80 -I0:A: GETW.C M:$CTMP1.$$$
0:A:P1 M:$CTMP1.$$$ M:$CTMP2.$$$ M:$CTMP3.$$$
0:A:CGEN M:$CTMP2.$$$ M:$CTMP1.$$$
0:A:OPTIM M:$CTMP1.$$$ M:$CTMP2.$$$
0:A:ZAS -J -N -OGETW.OBJ M:$CTMP2.$$$
IDIV.AS
0:A:ZAS -J -OIDIV.OBJ IDIV.AS
IMUL.AS
0:A:ZAS -J -OIMUL.OBJ IMUL.AS
INDEX.AS
0:A:ZAS -J -OINDEX.OBJ INDEX.AS
INOUT.AS
0:A:ZAS -J -OINOUT.OBJ INOUT.AS
IREGSET.AS
0:A:ZAS -J -OIREGSET.OBJ IREGSET.AS
ISALPHA.AS
0:A:ZAS -J -OISALPHA.OBJ ISALPHA.AS
ISATTY.C
0:A:CPP -DCPM -DHI_TECH_C -Dz80 -I0:A: ISATTY.C M:$CTMP1.$$$
0:A:P1 M:$CTMP1.$$$ M:$CTMP2.$$$ M:$CTMP3.$$$
0:A:CGEN M:$CTMP2.$$$ M:$CTMP1.$$$
0:A:OPTIM M:$CTMP1.$$$ M:$CTMP2.$$$
0:A:ZAS -J -N -OISATTY.OBJ M:$CTMP2.$$$
ISDIGIT.AS
0:A:ZAS -J -OISDIGIT.OBJ ISDIGIT.AS
ERA M:$CTMP1.$$$
ERA M:$CTMP2.$$$
ERA M:$CTMP3.$$$
ERA M:$CTMP5.$$$
ERA M:$$EXEC.$$$

10E>c
A:C        COM  (User 0)
Hi-Tech Z80 C Compiler (CP/M-80) V3.09-20
Copyright (C) 1984-87 HI-TECH SOFTWARE
Updated from https://github.com/agn453/HI-TECH-Z80-C
c> -o -v -c islower.as \
c> isspace.as \
c> isupper.as \
c> ladd.as \
c> land.as \
c> ldiv.as \
c> linc.as \
c> llrsh.as \
c> lmul.as \
c> longjmp.as \
c> lor.as \
c> lrelop.as \
c> lsub.as \
c> lxor.as \
c> malloc.c \
c> max.as \
c> memcmp.c \
c> memcpy.c \
c> memset.c \
c> mktime.c \
c> open.c \
c> perror.c \
c> pnum.c \
c> printf.c \
c> putchar.c
ISLOWER.AS
0:A:ZAS -J -OISLOWER.OBJ ISLOWER.AS
ISSPACE.AS
0:A:ZAS -J -OISSPACE.OBJ ISSPACE.AS
ISUPPER.AS
0:A:ZAS -J -OISUPPER.OBJ ISUPPER.AS
LADD.AS
0:A:ZAS -J -OLADD.OBJ LADD.AS
LAND.AS
0:A:ZAS -J -OLAND.OBJ LAND.AS
LDIV.AS
0:A:ZAS -J -OLDIV.OBJ LDIV.AS
LINC.AS
0:A:ZAS -J -OLINC.OBJ LINC.AS
LLRSH.AS
0:A:ZAS -J -OLLRSH.OBJ LLRSH.AS
LMUL.AS
0:A:ZAS -J -OLMUL.OBJ LMUL.AS
LONGJMP.AS
0:A:ZAS -J -OLONGJMP.OBJ LONGJMP.AS
LOR.AS
0:A:ZAS -J -OLOR.OBJ LOR.AS
LRELOP.AS
0:A:ZAS -J -OLRELOP.OBJ LRELOP.AS
LSUB.AS
0:A:ZAS -J -OLSUB.OBJ LSUB.AS
LXOR.AS
0:A:ZAS -J -OLXOR.OBJ LXOR.AS
MALLOC.C
0:A:CPP -DCPM -DHI_TECH_C -Dz80 -I0:A: MALLOC.C M:$CTMP1.$$$
0:A:P1 M:$CTMP1.$$$ M:$CTMP2.$$$ M:$CTMP3.$$$
0:A:CGEN M:$CTMP2.$$$ M:$CTMP1.$$$
0:A:OPTIM M:$CTMP1.$$$ M:$CTMP2.$$$
0:A:ZAS -J -N -OMALLOC.OBJ M:$CTMP2.$$$
MAX.AS
0:A:ZAS -J -OMAX.OBJ MAX.AS
MEMCMP.C
0:A:CPP -DCPM -DHI_TECH_C -Dz80 -I0:A: MEMCMP.C M:$CTMP1.$$$
0:A:P1 M:$CTMP1.$$$ M:$CTMP2.$$$ M:$CTMP3.$$$
0:A:CGEN M:$CTMP2.$$$ M:$CTMP1.$$$
0:A:OPTIM M:$CTMP1.$$$ M:$CTMP2.$$$
0:A:ZAS -J -N -OMEMCMP.OBJ M:$CTMP2.$$$
MEMCPY.C
0:A:CPP -DCPM -DHI_TECH_C -Dz80 -I0:A: MEMCPY.C M:$CTMP1.$$$
0:A:P1 M:$CTMP1.$$$ M:$CTMP2.$$$ M:$CTMP3.$$$
0:A:CGEN M:$CTMP2.$$$ M:$CTMP1.$$$
0:A:OPTIM M:$CTMP1.$$$ M:$CTMP2.$$$
0:A:ZAS -J -N -OMEMCPY.OBJ M:$CTMP2.$$$
MEMSET.C
0:A:CPP -DCPM -DHI_TECH_C -Dz80 -I0:A: MEMSET.C M:$CTMP1.$$$
0:A:P1 M:$CTMP1.$$$ M:$CTMP2.$$$ M:$CTMP3.$$$
0:A:CGEN M:$CTMP2.$$$ M:$CTMP1.$$$
0:A:OPTIM M:$CTMP1.$$$ M:$CTMP2.$$$
0:A:ZAS -J -N -OMEMSET.OBJ M:$CTMP2.$$$
MKTIME.C
0:A:CPP -DCPM -DHI_TECH_C -Dz80 -I0:A: MKTIME.C M:$CTMP1.$$$
0:A:P1 M:$CTMP1.$$$ M:$CTMP2.$$$ M:$CTMP3.$$$
0:A:CGEN M:$CTMP2.$$$ M:$CTMP1.$$$
0:A:OPTIM M:$CTMP1.$$$ M:$CTMP2.$$$
0:A:ZAS -J -N -OMKTIME.OBJ M:$CTMP2.$$$
OPEN.C
0:A:CPP -DCPM -DHI_TECH_C -Dz80 -I0:A: OPEN.C M:$CTMP1.$$$
0:A:P1 M:$CTMP1.$$$ M:$CTMP2.$$$ M:$CTMP3.$$$
0:A:CGEN M:$CTMP2.$$$ M:$CTMP1.$$$
0:A:OPTIM M:$CTMP1.$$$ M:$CTMP2.$$$
0:A:ZAS -J -N -OOPEN.OBJ M:$CTMP2.$$$
PERROR.C
0:A:CPP -DCPM -DHI_TECH_C -Dz80 -I0:A: PERROR.C M:$CTMP1.$$$
0:A:P1 M:$CTMP1.$$$ M:$CTMP2.$$$ M:$CTMP3.$$$
0:A:CGEN M:$CTMP2.$$$ M:$CTMP1.$$$
0:A:OPTIM M:$CTMP1.$$$ M:$CTMP2.$$$
0:A:ZAS -J -N -OPERROR.OBJ M:$CTMP2.$$$
PNUM.C
0:A:CPP -DCPM -DHI_TECH_C -Dz80 -I0:A: PNUM.C M:$CTMP1.$$$
0:A:P1 M:$CTMP1.$$$ M:$CTMP2.$$$ M:$CTMP3.$$$
0:A:CGEN M:$CTMP2.$$$ M:$CTMP1.$$$
0:A:OPTIM M:$CTMP1.$$$ M:$CTMP2.$$$
0:A:ZAS -J -N -OPNUM.OBJ M:$CTMP2.$$$
PRINTF.C
0:A:CPP -DCPM -DHI_TECH_C -Dz80 -I0:A: PRINTF.C M:$CTMP1.$$$
0:A:P1 M:$CTMP1.$$$ M:$CTMP2.$$$ M:$CTMP3.$$$
0:A:CGEN M:$CTMP2.$$$ M:$CTMP1.$$$
0:A:OPTIM M:$CTMP1.$$$ M:$CTMP2.$$$
0:A:ZAS -J -N -OPRINTF.OBJ M:$CTMP2.$$$
PUTCHAR.C
0:A:CPP -DCPM -DHI_TECH_C -Dz80 -I0:A: PUTCHAR.C M:$CTMP1.$$$
0:A:P1 M:$CTMP1.$$$ M:$CTMP2.$$$ M:$CTMP3.$$$
0:A:CGEN M:$CTMP2.$$$ M:$CTMP1.$$$
0:A:OPTIM M:$CTMP1.$$$ M:$CTMP2.$$$
0:A:ZAS -J -N -OPUTCHAR.OBJ M:$CTMP2.$$$
ERA M:$CTMP1.$$$
ERA M:$CTMP2.$$$
ERA M:$CTMP3.$$$
ERA M:$CTMP5.$$$
ERA M:$$EXEC.$$$

10E>c
A:C        COM  (User 0)
Hi-Tech Z80 C Compiler (CP/M-80) V3.09-20
Copyright (C) 1984-87 HI-TECH SOFTWARE
Updated from https://github.com/agn453/HI-TECH-Z80-C
c> -o -v -c puts.c \
c> putw.c \
c> qsort.c \
c> rand.c \
c> rcsv.as \
c> read.c \
c> remove.c \
c> rename.c \
c> rewind.c \
c> rindex.as \
c> sbrk.as \
c> scanf.c \
c> seek.c \
c> setbuf.c \
c> shar.as \
c> shll.as \
c> shlr.as \
c> signal.c \
c> sprintf.c \
c> srand1.c \
c> srand.as \
c> sscanf.c \
c> start1.as \
c> start2.as \
c> stat.c \
c> stdclean.c \
c> strcat.as \
c> strchr.as \
c> strcmp.as \
c> strcpy.as \
c> strdup.c \
c> strftime.c \
c> stricmp.as \
c> stristr.c \
c> strlen.as \
c> strncat.as \
c> strncmp.as \
c> strncpy.as \
c> strnicmp.as \
c> strnistr.c \
c> strnstr.c \
c> strrchr.as \
c> strstr.c \
c> strtok.c \
c> swap.as \
c> sys_err.c \
c> time.c \
c> timezone.c \
c> tolower.as \
c> toupper.as \
c> ungetc.c \
c> unlink.c \
c> wrelop.as \
c> write.c \
c> xtoi.as \
c> zcrtcpm.as \
c> zdrtcpm.as \
c> znrtcpm.as \
c> zrrtcpm.as \
c> libcver.c
PUTS.C
0:A:CPP -DCPM -DHI_TECH_C -Dz80 -I0:A: PUTS.C M:$CTMP1.$$$
0:A:P1 M:$CTMP1.$$$ M:$CTMP2.$$$ M:$CTMP3.$$$
0:A:CGEN M:$CTMP2.$$$ M:$CTMP1.$$$
0:A:OPTIM M:$CTMP1.$$$ M:$CTMP2.$$$
0:A:ZAS -J -N -OPUTS.OBJ M:$CTMP2.$$$
PUTW.C
0:A:CPP -DCPM -DHI_TECH_C -Dz80 -I0:A: PUTW.C M:$CTMP1.$$$
0:A:P1 M:$CTMP1.$$$ M:$CTMP2.$$$ M:$CTMP3.$$$
0:A:CGEN M:$CTMP2.$$$ M:$CTMP1.$$$
0:A:OPTIM M:$CTMP1.$$$ M:$CTMP2.$$$
0:A:ZAS -J -N -OPUTW.OBJ M:$CTMP2.$$$
QSORT.C
0:A:CPP -DCPM -DHI_TECH_C -Dz80 -I0:A: QSORT.C M:$CTMP1.$$$
0:A:P1 M:$CTMP1.$$$ M:$CTMP2.$$$ M:$CTMP3.$$$
0:A:CGEN M:$CTMP2.$$$ M:$CTMP1.$$$
0:A:OPTIM M:$CTMP1.$$$ M:$CTMP2.$$$
0:A:ZAS -J -N -OQSORT.OBJ M:$CTMP2.$$$
RAND.C
0:A:CPP -DCPM -DHI_TECH_C -Dz80 -I0:A: RAND.C M:$CTMP1.$$$
0:A:P1 M:$CTMP1.$$$ M:$CTMP2.$$$ M:$CTMP3.$$$
0:A:CGEN M:$CTMP2.$$$ M:$CTMP1.$$$
0:A:OPTIM M:$CTMP1.$$$ M:$CTMP2.$$$
0:A:ZAS -J -N -ORAND.OBJ M:$CTMP2.$$$
RCSV.AS
0:A:ZAS -J -ORCSV.OBJ RCSV.AS
READ.C
0:A:CPP -DCPM -DHI_TECH_C -Dz80 -I0:A: READ.C M:$CTMP1.$$$
0:A:P1 M:$CTMP1.$$$ M:$CTMP2.$$$ M:$CTMP3.$$$
0:A:CGEN M:$CTMP2.$$$ M:$CTMP1.$$$
0:A:OPTIM M:$CTMP1.$$$ M:$CTMP2.$$$
0:A:ZAS -J -N -OREAD.OBJ M:$CTMP2.$$$
REMOVE.C
0:A:CPP -DCPM -DHI_TECH_C -Dz80 -I0:A: REMOVE.C M:$CTMP1.$$$
0:A:P1 M:$CTMP1.$$$ M:$CTMP2.$$$ M:$CTMP3.$$$
0:A:CGEN M:$CTMP2.$$$ M:$CTMP1.$$$
0:A:OPTIM M:$CTMP1.$$$ M:$CTMP2.$$$
0:A:ZAS -J -N -OREMOVE.OBJ M:$CTMP2.$$$
RENAME.C
0:A:CPP -DCPM -DHI_TECH_C -Dz80 -I0:A: RENAME.C M:$CTMP1.$$$
0:A:P1 M:$CTMP1.$$$ M:$CTMP2.$$$ M:$CTMP3.$$$
0:A:CGEN M:$CTMP2.$$$ M:$CTMP1.$$$
0:A:OPTIM M:$CTMP1.$$$ M:$CTMP2.$$$
0:A:ZAS -J -N -ORENAME.OBJ M:$CTMP2.$$$
REWIND.C
0:A:CPP -DCPM -DHI_TECH_C -Dz80 -I0:A: REWIND.C M:$CTMP1.$$$
0:A:P1 M:$CTMP1.$$$ M:$CTMP2.$$$ M:$CTMP3.$$$
0:A:CGEN M:$CTMP2.$$$ M:$CTMP1.$$$
0:A:OPTIM M:$CTMP1.$$$ M:$CTMP2.$$$
0:A:ZAS -J -N -OREWIND.OBJ M:$CTMP2.$$$
RINDEX.AS
0:A:ZAS -J -ORINDEX.OBJ RINDEX.AS
SBRK.AS
0:A:ZAS -J -OSBRK.OBJ SBRK.AS
SCANF.C
0:A:CPP -DCPM -DHI_TECH_C -Dz80 -I0:A: SCANF.C M:$CTMP1.$$$
0:A:P1 M:$CTMP1.$$$ M:$CTMP2.$$$ M:$CTMP3.$$$
0:A:CGEN M:$CTMP2.$$$ M:$CTMP1.$$$
0:A:OPTIM M:$CTMP1.$$$ M:$CTMP2.$$$
0:A:ZAS -J -N -OSCANF.OBJ M:$CTMP2.$$$
SEEK.C
0:A:CPP -DCPM -DHI_TECH_C -Dz80 -I0:A: SEEK.C M:$CTMP1.$$$
0:A:P1 M:$CTMP1.$$$ M:$CTMP2.$$$ M:$CTMP3.$$$
0:A:CGEN M:$CTMP2.$$$ M:$CTMP1.$$$
0:A:OPTIM M:$CTMP1.$$$ M:$CTMP2.$$$
0:A:ZAS -J -N -OSEEK.OBJ M:$CTMP2.$$$
SETBUF.C
0:A:CPP -DCPM -DHI_TECH_C -Dz80 -I0:A: SETBUF.C M:$CTMP1.$$$
0:A:P1 M:$CTMP1.$$$ M:$CTMP2.$$$ M:$CTMP3.$$$
0:A:CGEN M:$CTMP2.$$$ M:$CTMP1.$$$
0:A:OPTIM M:$CTMP1.$$$ M:$CTMP2.$$$
0:A:ZAS -J -N -OSETBUF.OBJ M:$CTMP2.$$$
SHAR.AS
0:A:ZAS -J -OSHAR.OBJ SHAR.AS
SHLL.AS
0:A:ZAS -J -OSHLL.OBJ SHLL.AS
SHLR.AS
0:A:ZAS -J -OSHLR.OBJ SHLR.AS
SIGNAL.C
0:A:CPP -DCPM -DHI_TECH_C -Dz80 -I0:A: SIGNAL.C M:$CTMP1.$$$
0:A:P1 M:$CTMP1.$$$ M:$CTMP2.$$$ M:$CTMP3.$$$
0:A:CGEN M:$CTMP2.$$$ M:$CTMP1.$$$
0:A:OPTIM M:$CTMP1.$$$ M:$CTMP2.$$$
0:A:ZAS -J -N -OSIGNAL.OBJ M:$CTMP2.$$$
SPRINTF.C
0:A:CPP -DCPM -DHI_TECH_C -Dz80 -I0:A: SPRINTF.C M:$CTMP1.$$$
0:A:P1 M:$CTMP1.$$$ M:$CTMP2.$$$ M:$CTMP3.$$$
0:A:CGEN M:$CTMP2.$$$ M:$CTMP1.$$$
0:A:OPTIM M:$CTMP1.$$$ M:$CTMP2.$$$
0:A:ZAS -J -N -OSPRINTF.OBJ M:$CTMP2.$$$
SRAND1.C
0:A:CPP -DCPM -DHI_TECH_C -Dz80 -I0:A: SRAND1.C M:$CTMP1.$$$
0:A:P1 M:$CTMP1.$$$ M:$CTMP2.$$$ M:$CTMP3.$$$
0:A:CGEN M:$CTMP2.$$$ M:$CTMP1.$$$
0:A:OPTIM M:$CTMP1.$$$ M:$CTMP2.$$$
0:A:ZAS -J -N -OSRAND1.OBJ M:$CTMP2.$$$
SRAND.AS
0:A:ZAS -J -OSRAND.OBJ SRAND.AS
SSCANF.C
0:A:CPP -DCPM -DHI_TECH_C -Dz80 -I0:A: SSCANF.C M:$CTMP1.$$$
0:A:P1 M:$CTMP1.$$$ M:$CTMP2.$$$ M:$CTMP3.$$$
0:A:CGEN M:$CTMP2.$$$ M:$CTMP1.$$$
0:A:OPTIM M:$CTMP1.$$$ M:$CTMP2.$$$
0:A:ZAS -J -N -OSSCANF.OBJ M:$CTMP2.$$$
START1.AS
0:A:ZAS -J -OSTART1.OBJ START1.AS
START2.AS
0:A:ZAS -J -OSTART2.OBJ START2.AS
STAT.C
0:A:CPP -DCPM -DHI_TECH_C -Dz80 -I0:A: STAT.C M:$CTMP1.$$$
0:A:P1 M:$CTMP1.$$$ M:$CTMP2.$$$ M:$CTMP3.$$$
0:A:CGEN M:$CTMP2.$$$ M:$CTMP1.$$$
0:A:OPTIM M:$CTMP1.$$$ M:$CTMP2.$$$
0:A:ZAS -J -N -OSTAT.OBJ M:$CTMP2.$$$
STDCLEAN.C
0:A:CPP -DCPM -DHI_TECH_C -Dz80 -I0:A: STDCLEAN.C M:$CTMP1.$$$
0:A:P1 M:$CTMP1.$$$ M:$CTMP2.$$$ M:$CTMP3.$$$
0:A:CGEN M:$CTMP2.$$$ M:$CTMP1.$$$
0:A:OPTIM M:$CTMP1.$$$ M:$CTMP2.$$$
0:A:ZAS -J -N -OSTDCLEAN.OBJ M:$CTMP2.$$$
STRCAT.AS
0:A:ZAS -J -OSTRCAT.OBJ STRCAT.AS
STRCHR.AS
0:A:ZAS -J -OSTRCHR.OBJ STRCHR.AS
STRCMP.AS
0:A:ZAS -J -OSTRCMP.OBJ STRCMP.AS
STRCPY.AS
0:A:ZAS -J -OSTRCPY.OBJ STRCPY.AS
STRDUP.C
0:A:CPP -DCPM -DHI_TECH_C -Dz80 -I0:A: STRDUP.C M:$CTMP1.$$$
0:A:P1 M:$CTMP1.$$$ M:$CTMP2.$$$ M:$CTMP3.$$$
0:A:CGEN M:$CTMP2.$$$ M:$CTMP1.$$$
0:A:OPTIM M:$CTMP1.$$$ M:$CTMP2.$$$
0:A:ZAS -J -N -OSTRDUP.OBJ M:$CTMP2.$$$
STRFTIME.C
0:A:CPP -DCPM -DHI_TECH_C -Dz80 -I0:A: STRFTIME.C M:$CTMP1.$$$
0:A:P1 M:$CTMP1.$$$ M:$CTMP2.$$$ M:$CTMP3.$$$
0:A:CGEN M:$CTMP2.$$$ M:$CTMP1.$$$
0:A:OPTIM M:$CTMP1.$$$ M:$CTMP2.$$$
0:A:ZAS -J -N -OSTRFTIME.OBJ M:$CTMP2.$$$
STRICMP.AS
0:A:ZAS -J -OSTRICMP.OBJ STRICMP.AS
STRISTR.C
0:A:CPP -DCPM -DHI_TECH_C -Dz80 -I0:A: STRISTR.C M:$CTMP1.$$$
0:A:P1 M:$CTMP1.$$$ M:$CTMP2.$$$ M:$CTMP3.$$$
0:A:CGEN M:$CTMP2.$$$ M:$CTMP1.$$$
0:A:OPTIM M:$CTMP1.$$$ M:$CTMP2.$$$
0:A:ZAS -J -N -OSTRISTR.OBJ M:$CTMP2.$$$
STRLEN.AS
0:A:ZAS -J -OSTRLEN.OBJ STRLEN.AS
STRNCAT.AS
0:A:ZAS -J -OSTRNCAT.OBJ STRNCAT.AS
STRNCMP.AS
0:A:ZAS -J -OSTRNCMP.OBJ STRNCMP.AS
STRNCPY.AS
0:A:ZAS -J -OSTRNCPY.OBJ STRNCPY.AS
STRNICMP.AS
0:A:ZAS -J -OSTRNICMP.OBJ STRNICMP.AS
STRNISTR.C
0:A:CPP -DCPM -DHI_TECH_C -Dz80 -I0:A: STRNISTR.C M:$CTMP1.$$$
0:A:P1 M:$CTMP1.$$$ M:$CTMP2.$$$ M:$CTMP3.$$$
0:A:CGEN M:$CTMP2.$$$ M:$CTMP1.$$$
0:A:OPTIM M:$CTMP1.$$$ M:$CTMP2.$$$
0:A:ZAS -J -N -OSTRNISTR.OBJ M:$CTMP2.$$$
STRNSTR.C
0:A:CPP -DCPM -DHI_TECH_C -Dz80 -I0:A: STRNSTR.C M:$CTMP1.$$$
0:A:P1 M:$CTMP1.$$$ M:$CTMP2.$$$ M:$CTMP3.$$$
0:A:CGEN M:$CTMP2.$$$ M:$CTMP1.$$$
0:A:OPTIM M:$CTMP1.$$$ M:$CTMP2.$$$
0:A:ZAS -J -N -OSTRNSTR.OBJ M:$CTMP2.$$$
STRRCHR.AS
0:A:ZAS -J -OSTRRCHR.OBJ STRRCHR.AS
STRSTR.C
0:A:CPP -DCPM -DHI_TECH_C -Dz80 -I0:A: STRSTR.C M:$CTMP1.$$$
0:A:P1 M:$CTMP1.$$$ M:$CTMP2.$$$ M:$CTMP3.$$$
0:A:CGEN M:$CTMP2.$$$ M:$CTMP1.$$$
0:A:OPTIM M:$CTMP1.$$$ M:$CTMP2.$$$
0:A:ZAS -J -N -OSTRSTR.OBJ M:$CTMP2.$$$
STRTOK.C
0:A:CPP -DCPM -DHI_TECH_C -Dz80 -I0:A: STRTOK.C M:$CTMP1.$$$
0:A:P1 M:$CTMP1.$$$ M:$CTMP2.$$$ M:$CTMP3.$$$
0:A:CGEN M:$CTMP2.$$$ M:$CTMP1.$$$
0:A:OPTIM M:$CTMP1.$$$ M:$CTMP2.$$$
0:A:ZAS -J -N -OSTRTOK.OBJ M:$CTMP2.$$$
SWAP.AS
0:A:ZAS -J -OSWAP.OBJ SWAP.AS
SYS_ERR.C
0:A:CPP -DCPM -DHI_TECH_C -Dz80 -I0:A: SYS_ERR.C M:$CTMP1.$$$
0:A:P1 M:$CTMP1.$$$ M:$CTMP2.$$$ M:$CTMP3.$$$
0:A:CGEN M:$CTMP2.$$$ M:$CTMP1.$$$
0:A:OPTIM M:$CTMP1.$$$ M:$CTMP2.$$$
0:A:ZAS -J -N -OSYS_ERR.OBJ M:$CTMP2.$$$
TIME.C
0:A:CPP -DCPM -DHI_TECH_C -Dz80 -I0:A: TIME.C M:$CTMP1.$$$
0:A:P1 M:$CTMP1.$$$ M:$CTMP2.$$$ M:$CTMP3.$$$
0:A:CGEN M:$CTMP2.$$$ M:$CTMP1.$$$
0:A:OPTIM M:$CTMP1.$$$ M:$CTMP2.$$$
0:A:ZAS -J -N -OTIME.OBJ M:$CTMP2.$$$
TIMEZONE.C
0:A:CPP -DCPM -DHI_TECH_C -Dz80 -I0:A: TIMEZONE.C M:$CTMP1.$$$
0:A:P1 M:$CTMP1.$$$ M:$CTMP2.$$$ M:$CTMP3.$$$
0:A:CGEN M:$CTMP2.$$$ M:$CTMP1.$$$
0:A:OPTIM M:$CTMP1.$$$ M:$CTMP2.$$$
0:A:ZAS -J -N -OTIMEZONE.OBJ M:$CTMP2.$$$
TOLOWER.AS
0:A:ZAS -J -OTOLOWER.OBJ TOLOWER.AS
TOUPPER.AS
0:A:ZAS -J -OTOUPPER.OBJ TOUPPER.AS
UNGETC.C
0:A:CPP -DCPM -DHI_TECH_C -Dz80 -I0:A: UNGETC.C M:$CTMP1.$$$
0:A:P1 M:$CTMP1.$$$ M:$CTMP2.$$$ M:$CTMP3.$$$
0:A:CGEN M:$CTMP2.$$$ M:$CTMP1.$$$
0:A:OPTIM M:$CTMP1.$$$ M:$CTMP2.$$$
0:A:ZAS -J -N -OUNGETC.OBJ M:$CTMP2.$$$
UNLINK.C
0:A:CPP -DCPM -DHI_TECH_C -Dz80 -I0:A: UNLINK.C M:$CTMP1.$$$
0:A:P1 M:$CTMP1.$$$ M:$CTMP2.$$$ M:$CTMP3.$$$
0:A:CGEN M:$CTMP2.$$$ M:$CTMP1.$$$
0:A:OPTIM M:$CTMP1.$$$ M:$CTMP2.$$$
0:A:ZAS -J -N -OUNLINK.OBJ M:$CTMP2.$$$
WRELOP.AS
0:A:ZAS -J -OWRELOP.OBJ WRELOP.AS
WRITE.C
0:A:CPP -DCPM -DHI_TECH_C -Dz80 -I0:A: WRITE.C M:$CTMP1.$$$
0:A:P1 M:$CTMP1.$$$ M:$CTMP2.$$$ M:$CTMP3.$$$
0:A:CGEN M:$CTMP2.$$$ M:$CTMP1.$$$
0:A:OPTIM M:$CTMP1.$$$ M:$CTMP2.$$$
0:A:ZAS -J -N -OWRITE.OBJ M:$CTMP2.$$$
XTOI.AS
0:A:ZAS -J -OXTOI.OBJ XTOI.AS
ZCRTCPM.AS
0:A:ZAS -J -OZCRTCPM.OBJ ZCRTCPM.AS
ZDRTCPM.AS
0:A:ZAS -J -OZDRTCPM.OBJ ZDRTCPM.AS
ZNRTCPM.AS
0:A:ZAS -J -OZNRTCPM.OBJ ZNRTCPM.AS
ZRRTCPM.AS
0:A:ZAS -J -OZRRTCPM.OBJ ZRRTCPM.AS
LIBCVER.C
0:A:CPP -DCPM -DHI_TECH_C -Dz80 -I0:A: LIBCVER.C M:$CTMP1.$$$
0:A:P1 M:$CTMP1.$$$ M:$CTMP2.$$$ M:$CTMP3.$$$
0:A:CGEN M:$CTMP2.$$$ M:$CTMP1.$$$
0:A:OPTIM M:$CTMP1.$$$ M:$CTMP2.$$$
0:A:ZAS -J -N -OLIBCVER.OBJ M:$CTMP2.$$$
ERA M:$CTMP1.$$$
ERA M:$CTMP2.$$$
ERA M:$CTMP3.$$$
ERA M:$CTMP5.$$$
ERA M:$$EXEC.$$$

10E>; All modules compiled.
10E>put console to console
A:PUT      COM  (User 0)
