
10E>; Use librarian to place all modules in m:lib280c.lib
10E>; NB: the ordering is important for resolving dependencies at link time
10E>m:
10M>era m:lib280c.lib
No File
10M>libr
A:LIBR     COM  (User 0)
libr> r m:lib280c.lib	\
libr> libcver.obj	\
libr> start1.obj	\
libr> getargs.obj	\
libr> assert.obj	\
libr> printf.obj	\
libr> fprintf.obj	\
libr> sprintf.obj	\
libr> doprnt.obj	\
libr> getenv.obj	\
libr> gets.obj	\
libr> puts.obj	\
libr> fwrite.obj	\
libr> getw.obj	\
libr> putw.obj	\
libr> close.obj	\
libr> putchar.obj	\
libr> perror.obj	\
libr> fputc.obj	\
libr> flsbuf.obj	\
libr> fopen.obj	\
libr> freopen.obj	\
libr> fseek.obj	\
libr> fread.obj	\
libr> rewind.obj	\
libr> remove.obj	\
libr> setbuf.obj	\
libr> fscanf.obj	\
libr> ctime.obj	\
libr> cgets.obj	\
libr> cputs.obj	\
libr> sscanf.obj	\
libr> scanf.obj	\
libr> doscan.obj	\
libr> ungetc.obj	\
libr> fgetc.obj	\
libr> filbuf.obj	\
libr> stdclean.obj	\
libr> fclose.obj	\
libr> fflush.obj	\
libr> buf.obj	\
libr> exit.obj	\
libr> open.obj	\
libr> read.obj	\
libr> write.obj	\
libr> seek.obj	\
libr> stat.obj	\
libr> chmod.obj	\
libr> fcbname.obj	\
libr> rename.obj	\
libr> creat.obj	\
libr> time.obj	\
libr> convtime.obj	\
libr> timezone.obj	\
libr> mktime.obj	\
libr> isatty.obj	\
libr> cleanup.obj	\
libr> close.obj	\
libr> unlink.obj	\
libr> dup.obj	\
libr> execl.obj	\
libr> getfcb.obj	\
libr> srand1.obj	\
libr> abort.obj	\
libr> getch.obj	\
libr> signal.obj	\
libr> getuid.obj	\
libr> bdos.obj	\
libr> bios.obj	\
libr> _exit.obj	\
libr> fakeclean.obj	\
libr> fakecpcln.obj	\
libr> sys_err.obj	\
libr> memcpy.obj	\
libr> memcmp.obj	\
libr> memset.obj	\
libr> strftime.obj	\
libr> asmod.obj	\
libr> abs.obj	\
libr> asallsh.obj	\
libr> allsh.obj	\
libr> asalrsh.obj	\
libr> asar.obj	\
libr> asdiv.obj	\
libr> asladd.obj	\
libr> asland.obj	\
libr> asll.obj	\
libr> asllrsh.obj	\
libr> aslmul.obj	\
libr> aslor.obj	\
libr> aslsub.obj	\
libr> aslxor.obj	\
libr> atoi.obj	\
libr> atol.obj	\
libr> blkclr.obj	\
libr> blkcpy.obj	\
libr> calloc.obj	\
libr> asmul.obj	\
libr> bitfield.obj	\
libr> ctype_.obj	\
libr> getsp.obj	\
libr> index.obj	\
libr> strchr.obj	\
libr> qsort.obj	\
libr> malloc.obj	\
libr> max.obj	\
libr> idiv.obj	\
libr> pnum.obj	\
libr> ldiv.obj	\
libr> swap.obj	\
libr> aslr.obj	\
libr> bmove.obj	\
libr> imul.obj	\
libr> rand.obj	\
libr> alrsh.obj	\
libr> lmul.obj	\
libr> rindex.obj	\
libr> strrchr.obj	\
libr> sbrk.obj	\
libr> shar.obj	\
libr> shll.obj	\
libr> shlr.obj	\
libr> strcat.obj	\
libr> strcmp.obj	\
libr> strcpy.obj	\
libr> strlen.obj	\
libr> strncat.obj	\
libr> strncmp.obj	\
libr> strncpy.obj	\
libr> strstr.obj	\
libr> strnstr.obj	\
libr> strdup.obj	\
libr> stricmp.obj	\
libr> stristr.obj	\
libr> strnicmp.obj	\
libr> strnistr.obj	\
libr> strtok.obj	\
libr> inout.obj	\
libr> iregset.obj	\
libr> isalpha.obj	\
libr> isdigit.obj	\
libr> islower.obj	\
libr> isspace.obj	\
libr> isupper.obj	\
libr> ladd.obj	\
libr> land.obj	\
libr> linc.obj	\
libr> llrsh.obj	\
libr> longjmp.obj	\
libr> lor.obj	\
libr> brelop.obj	\
libr> wrelop.obj	\
libr> lrelop.obj	\
libr> frelop.obj	\
libr> lsub.obj	\
libr> lxor.obj	\
libr> csv.obj	\
libr> rcsv.obj	\
libr> tolower.obj	\
libr> toupper.obj	\
libr> xtoi.obj

10M>libr s m:lib280c.lib
A:LIBR     COM  (User 0)
libcver.obj     D __libcver     
start1.obj      D __argc_       U __getargs     D startup       
getargs.obj     U __argc_       D __getargs     U __iob         U _bdos       
		U _bmove        U _exit         U _fprintf      U _freopen    
		U _gets         U _getuid       U _isatty       U _sbrk       
		U _setfcb       U _setuid       U _signal       U _sprintf    
		U _strchr       U _strcpy       U _strlen       U adiv        
		U cret          U csv           U indir         U ncsv        
		U shal          U wrelop        
assert.obj      D __fassert     U __iob         U _abort        U _fprintf    
		U cret          U csv           U indir         U ncsv        
printf.obj      U __doprnt      U __iob         D _printf       U cret        
		U csv           U indir         U ncsv          
fprintf.obj     U __doprnt      D _fprintf      U cret          U csv         
		U indir         U ncsv          
sprintf.obj     U __doprnt      D _sprintf      U cret          U csv         
		U indir         U ncsv          
doprnt.obj      U __ctype_      D __doprnt      U __pnum        U _atoi       
		U _fputc        U _strlen       U brelop        U cret        
		U csv           U indir         U ncsv          U wrelop      
getenv.obj      U _bdos         D _environ      U _fclose       U _fgets      
		U _fopen        D _getenv       U _memcpy       U _sbrk       
		U _strcpy       U _strlen       U _strncmp      U cret        
		U csv           U indir         U ncsv          U wrelop      
gets.obj        U __iob         U _fgetc        D _fgets        D _gets       
		U _strlen       U cret          U csv           U indir       
		U ncsv          
puts.obj        U __iob         U _fputc        D _fputs        D _puts       
		U cret          U csv           U indir         U ncsv        
fwrite.obj      U _fflush       U _fputc        U _fseek        D _fwrite     
		U _memcpy       U cret          U indir         U ldiv        
		U lmul          U ncsv          U wrelop        
getw.obj        U _fgetc        D _getw         U cret          U csv         
		U indir         U ncsv          U shal          
putw.obj        U _fputc        D _putw         U cret          U csv         
		U indir         U ncsv          U shar          
close.obj       U __exact       U __fcb         U _bdos         D _close      
		U _getuid       U _setuid       U amul          U brelop      
		U cret          U csv           U indir         U ncsv        
putchar.obj     U __iob         U _fgetc        U _fputc        D _getchar    
		D _putchar      U cret          U csv           U indir       
		U ncsv          
perror.obj      U __iob         U _errno        U _fputc        D _perror     
		U _sys_err      U _sys_ner      U cret          U csv         
		U indir         U ncsv          U wrelop        
fputc.obj       U __flsbuf      U _fflush       D _fputc        U _fseek      
		U cret          U csv           U indir         U ncsv        
flsbuf.obj      U __bufallo     D __flsbuf      U _isatty       U _write      
		U cret          U csv           U indir         U ncsv        
fopen.obj       U __iob         D _fopen        U _freopen      U cret        
		U csv           U indir         U ncsv          
freopen.obj     U __bufallo     U _close        U _creat        U _fclose     
		D _freopen      U _fseek        U _open         U cret        
		U csv           U indir         U ncsv          
fseek.obj       U __fcb         U _fflush       U _fread        D _fseek      
		D _ftell        U _lseek        U aladd         U alsub       
		U amul          U arelop        U asaladd       U cret        
		U csv           U indir         U ncsv          
fread.obj       U _fgetc        D _fread        U _memcpy       U cret        
		U indir         U ldiv          U lmul          U ncsv        
		U wrelop        
rewind.obj      U _fseek        D _rewind       U cret          U csv         
		U indir         U ncsv          
remove.obj      D _remove       U _unlink       U cret          U csv         
		U indir         U ncsv          
setbuf.obj      U __bufallo     U __buffree     D _setbuf       D _setvbuf    
		U cret          U csv           U indir         U ncsv        
fscanf.obj      U __doscan      D _fscanf       U cret          U csv         
		U indir         U ncsv          
ctime.obj       D _asctime      D _ctime        D _gmtime       D _localtime  
		D _monlen       U _time_zone    U adiv          U aldiv       
		U almod         U almul         U alsub         U amod        
		U amul          U asaldiv       U asldiv        U cret        
		U csv           U indir         U lmod          U ncsv        
		U wrelop        
cgets.obj       D _cgets        U _getche       U cret          U csv         
		U indir         U ncsv          
cputs.obj       D _cputs        U _putch        U cret          U csv         
		U indir         U ncsv          
sscanf.obj      U __doscan      D _sscanf       U _strlen       U cret        
		U indir         U ncsv          
scanf.obj       U __doscan      U __iob         D _scanf        U cret        
		U csv           U indir         U ncsv          
doscan.obj      U __ctype_      D __doscan      U _atoi         U _fgetc      
		U _tolower      U _ungetc       U cret          U csv         
		U indir         U lladd         U llmul         U ncsv        
		U wrelop        
ungetc.obj      D _ungetc       U cret          U csv           U indir       
		U ncsv          
fgetc.obj       U __filbuf      D _fgetc        U cret          U csv         
		U indir         U ncsv          U wrelop        
filbuf.obj      D __filbuf      U __iob         U _fflush       U _read       
		U cret          U csv           U indir         U ncsv        
		U wrelop        
stdclean.obj    D __cleanup     D __iob         D __sibuf       U _fclose     
		U cret          U csv           U indir         U ncsv        
fclose.obj      U __buffree     U _close        D _fclose       U _fflush     
		U cret          U csv           U indir         U ncsv        
fflush.obj      D _fflush       U _write        U cret          U csv         
		U indir         U ncsv          
buf.obj         D __bufallo     D __buffree     U _sbrk         U cret        
		U csv           U indir         U ncsv          
exit.obj        U __cleanup     U __exit        D _exit         U cret        
		U csv           U indir         U ncsv          
open.obj        U __exact       U __fcb         D __fsize       U _bdos       
		U _errno        U _getfcb       U _getuid       D _open       
		U _putfcb       U _setfcb       U _setuid       U adiv        
		U aland         U aldiv         U amul          U asalsub     
		U brelop        U cret          U csv           U indir       
		U ncsv          U shll          U wrelop        
read.obj        U __fcb         U __piped       U __putrno      U __sigchk    
		U _bdos         U _bmove        U _getuid       D _read       
		U _setuid       U aldiv         U alsub         U amul        
		U asaladd       U brelop        U cret          U indir       
		U lladd         U lrelop        U ncsv          U wrelop      
write.obj       U __fcb         U __piped       U __putrno      U __sigchk    
		U _bdos         U _bmove        U _getuid       U _setuid     
		D _write        U aldiv         U amul          U arelop      
		U asaladd       U brelop        U cret          U indir       
		U ncsv          U wrelop        
seek.obj        U __fcb         D _lseek        U aladd         U amul        
		U arelop        U brelop        U cret          U csv         
		U indir         U ncsv          
stat.obj        U __exact       U _bdos         U _convtime     U _getuid     
		U _setfcb       U _setuid       D _stat         U asallsh     
		U asalsub       U cret          U indir         U lladd       
		U lllsh         U ncsv          U shal          U wrelop      
chmod.obj       U _bdos         D _chmod        U _getuid       U _setfcb     
		U _setuid       U cret          U indir         U ncsv        
fcbname.obj     U __fcb         U _bdos         D _fcbname      U _sprintf    
		U _strlen       U amul          U cret          U csv         
		U indir         U ncsv          U wrelop        
rename.obj      U _bdos         D _rename       U _setfcb       U _unlink     
		U cret          U indir         U ncsv          
creat.obj       U __fcb         U _bdos         D _creat        U _errno      
		U _getfcb       U _getuid       U _setfcb       U _setuid     
		U _unlink       U adiv          U cret          U csv         
		U indir         U ncsv          U wrelop        
time.obj        U _bdos         U _convtime     D _time         U cret        
		U indir         U ncsv          
convtime.obj    D _convtime     D _frmbcd       U asaladd       U asalmul     
		U cret          U csv           U indir         U lmul        
		U ncsv          
timezone.obj    D _time_zone    
mktime.obj      D _mktime       U _time_zone    U almul         U amod        
		U asaladd       U cret          U indir         U ncsv        
		U wrelop        
isatty.obj      U __fcb         D _isatty       U amul          U cret        
		U csv           U indir         U ncsv          
cleanup.obj     D __cpm_clean   D __fcb         D __initrsx     D __putrno    
		U _close        U alrsh         U brelop        U cret        
		U csv           U indir         U ncsv          
close.obj       U __exact       U __fcb         U _bdos         D _close      
		U _getuid       U _setuid       U amul          U brelop      
		U cret          U csv           U indir         U ncsv        
unlink.obj      U _bdos         U _errno        U _getuid       U _setfcb     
		U _setuid       D _unlink       U cret          U indir       
		U ncsv          
dup.obj         U __fcb         D _dup          U _getfcb       U adiv        
		U amul          U cret          U csv           U indir       
		U ncsv          
execl.obj       U _bmove        D _execl        D _execv        U _setfcb     
		U _strcat       U _strlen       U _strncpy      U indir       
getfcb.obj      U __ctype_      U __fcb         U _atoi         D _getfcb     
		U _getuid       D _putfcb       D _setfcb       U _toupper    
		U brelop        U cret          U csv           U indir       
		U ncsv          U wrelop        
srand1.obj      U _kbhit        U _putchar      U _srand        D _srand1     
		U cret          U csv           U indir         U ncsv        
abort.obj       D _abort        U _bdos         U _exit         U cret        
		U indir         U ncsv          
getch.obj       U _bdos         D _getch        D _getche       D _kbhit      
		D _putch        D _ungetch      U cret          U csv         
		U indir         U ncsv          
signal.obj      D __sigchk      U _bdos         U _exit         D _signal     
		U cret          U csv           U indir         U ncsv        
getuid.obj      D _getuid       D _setuid       U cret          U csv         
bdos.obj        D _bdos         U _errno        U cret          U csv         
bios.obj        D _bios         U cret          U csv           D exit22      
_exit.obj       U __cpm_clean   D __exit        
fakeclean.obj   D __cleanup     U cret          U indir         U ncsv        
fakecpcln.obj   D __cpm_clean   
sys_err.obj     D _errno        D _sys_err      D _sys_ner      
memcpy.obj      D _memcpy       U cret          U csv           U indir       
		U ncsv          
memcmp.obj      D _memcmp       U cret          U csv           U indir       
		U ncsv          
memset.obj      D _memset       U cret          U csv           U indir       
		U ncsv          
strftime.obj    D _strftime     U adiv          U amod          U asamod      
		U cret          U indir         U ncsv          U wrelop      
asmod.obj       U amod          D asamod        D aslmod        U lmod        
abs.obj         D _abs          
asallsh.obj     U allsh         D asallsh       D aslllsh       U iregstore   
allsh.obj       D allsh         D lllsh         
asalrsh.obj     U alrsh         D asalrsh       U iregstore     
asar.obj        D asar          U shar          
asdiv.obj       U adiv          D asadiv        D asldiv        U ldiv        
asladd.obj      U aladd         D asaladd       D aslladd       U iregset     
		U iregstore     
asland.obj      U aland         D asaland       D aslland       U iregset     
		U iregstore     
asll.obj        D asal          D asll          U shal          
asllrsh.obj     D asllrsh       U iregstore     U llrsh         
aslmul.obj      U almul         D asalmul       D asllmul       U iregset     
		U iregstore     
aslor.obj       U alor          D asalor        D asllor        U iregset     
		U iregstore     
aslsub.obj      U alsub         D asalsub       D asllsub       U iregset     
		U iregstore     
aslxor.obj      U alxor         D asalxor       D asllxor       U iregset     
		U iregstore     
atoi.obj        D _atoi         
atol.obj        U __ctype_      D _atol         U aladd         U almul       
		U cret          U indir         U ncsv          
blkclr.obj      D _blkclr       
blkcpy.obj      D _blkcpy       U cret          U csv           U indir       
		U ncsv          
calloc.obj      U _bmove        D _calloc       D _cfree        U _free       
		U _malloc       U asamul        U cret          U csv         
		U indir         U ncsv          
asmul.obj       U amul          D asamul        D aslmul        
bitfield.obj    D bfext         D bfins         
ctype_.obj      D __ctype_      
getsp.obj       D __getsp       
index.obj       D _index        U cret          U rcsv          
strchr.obj      D _strchr       U cret          U rcsv          
qsort.obj       U __swap        U _bmove        U _free         U _malloc     
		D _qsort        U adiv          U cret          U indir       
		U lmul          U ncsv          U wrelop        
malloc.obj      U _bmove        D _free         D _malloc       D _realloc    
		U _sbrk         U adiv          U amul          U cret        
		U csv           U indir         U ldiv          U lmul        
		U ncsv          U wrelop        
max.obj         D _max          
idiv.obj        D adiv          D amod          D ldiv          D lmod        
pnum.obj        D __pnum        U aslldiv       U brelop        U cret        
		U indir         U llmod         U ncsv          U wrelop      
ldiv.obj        D aldiv         D almod         D asaldiv       D asalmod     
		D aslldiv       D asllmod       D lldiv         D llmod       
swap.obj        D __swap        U cret          U rcsv          
aslr.obj        D aslr          U shlr          
bmove.obj       D _bmove        D _movmem       
imul.obj        D amul          D lmul          
rand.obj        D _rand         D _srand        U almul         U alrsh       
		U cret          U csv           U indir         U ncsv        
alrsh.obj       D alrsh         
lmul.obj        D almul         D llmul         
rindex.obj      D _rindex       U cret          U rcsv          
strrchr.obj     D _strrchr      U cret          U rcsv          
sbrk.obj        U __Hbss        D _brk          D _checksp      D _sbrk       
shar.obj        D shar          
shll.obj        D shal          D shll          
shlr.obj        D shlr          
strcat.obj      D _strcat       
strcmp.obj      D _strcmp       
strcpy.obj      D _strcpy       
strlen.obj      D _strlen       
strncat.obj     D _strncat      U cret          U rcsv          
strncmp.obj     D _strncmp      U cret          U rcsv          
strncpy.obj     D _strncpy      U cret          U rcsv          
strstr.obj      D _strstr       U cret          U csv           U indir       
		U ncsv          
strnstr.obj     D _strnstr      U cret          U indir         U ncsv        
strdup.obj      U _malloc       U _strcpy       D _strdup       U _strlen     
		U cret          U csv           U indir         U ncsv        
stricmp.obj     D _strcasecmp   
stristr.obj     D _strcasestr   U _toupper      U cret          U csv         
		U indir         U ncsv          
strnicmp.obj    D _strncasecmp  U cret          U rcsv          
strnistr.obj    D _strncasestr  U _toupper      U cret          U indir       
		U ncsv          
strtok.obj      D _strtok       U cret          U csv           U indir       
		U ncsv          U wrelop        
inout.obj       D _in           D _inp          D _out          D _outp       
iregset.obj     D iregset       D iregstore     
isalpha.obj     D _isalpha      
isdigit.obj     D _isdig        D _isdigit      
islower.obj     D _islower      
isspace.obj     D _isspace      
isupper.obj     D _isupper      
ladd.obj        D aladd         D lladd         
land.obj        D aland         D lland         
linc.obj        D ladec         D lainc         D lldec         D llinc       
llrsh.obj       D llrsh         
longjmp.obj     D _longjmp      D _setjmp       
lor.obj         D alor          D llor          
brelop.obj      D brelop        
wrelop.obj      D wrelop        
lrelop.obj      D arelop        D lrelop        
frelop.obj      D frelop        
lsub.obj        D alsub         D llsub         
lxor.obj        D alxor         D llxor         
csv.obj         D cret          D csv           D indir         D ncsv        
rcsv.obj        D rcsv          
tolower.obj     D _tolower      
toupper.obj     D _toupper      
xtoi.obj        D _ishex        D _xtoi         

10M>e:
10E>pip e:=m:lib280c.lib
A:PIP      COM  (User 0)

10E>; Library m:lib280c.lib created
10E>; Remember to copy it to current directory and A0:
10E>;
10E>; Now save the Z280 object files in E:LIB280C.LBR
10E>dir m:*.obj[fu,length=65535]
A:DIR      COM  (User 0)

Scanning Directory...

Sorting  Directory...

Directory For Drive M:  User 10

    Name     Bytes   Recs   Attributes   Prot      Update          Create    
------------ ------ ------ ------------ ------ --------------  --------------

ABORT    OBJ     4k      2 Dir RW       None   05/09/25 12:33  05/09/25 12:33
ABS      OBJ     4k      1 Dir RW       None   05/09/25 12:33  05/09/25 12:33
ALLSH    OBJ     4k      1 Dir RW       None   05/09/25 12:33  05/09/25 12:33
ALRSH    OBJ     4k      1 Dir RW       None   05/09/25 12:33  05/09/25 12:33
ASALLSH  OBJ     4k      2 Dir RW       None   05/09/25 12:33  05/09/25 12:33
ASALRSH  OBJ     4k      2 Dir RW       None   05/09/25 12:34  05/09/25 12:34
ASAR     OBJ     4k      1 Dir RW       None   05/09/25 12:34  05/09/25 12:34
ASDIV    OBJ     4k      2 Dir RW       None   05/09/25 12:34  05/09/25 12:34
ASLADD   OBJ     4k      2 Dir RW       None   05/09/25 12:34  05/09/25 12:34
ASLAND   OBJ     4k      2 Dir RW       None   05/09/25 12:34  05/09/25 12:34
ASLL     OBJ     4k      1 Dir RW       None   05/09/25 12:34  05/09/25 12:34
ASLLRSH  OBJ     4k      2 Dir RW       None   05/09/25 12:34  05/09/25 12:34
ASLMUL   OBJ     4k      2 Dir RW       None   05/09/25 12:34  05/09/25 12:34
ASLOR    OBJ     4k      2 Dir RW       None   05/09/25 12:34  05/09/25 12:34
ASLR     OBJ     4k      1 Dir RW       None   05/09/25 12:34  05/09/25 12:34
ASLSUB   OBJ     4k      2 Dir RW       None   05/09/25 12:34  05/09/25 12:34
ASLXOR   OBJ     4k      2 Dir RW       None   05/09/25 12:34  05/09/25 12:34
ASMOD    OBJ     4k      2 Dir RW       None   05/09/25 12:34  05/09/25 12:34
ASMUL    OBJ     4k      1 Dir RW       None   05/09/25 12:34  05/09/25 12:34
ASSERT   OBJ     4k      3 Dir RW       None   05/09/25 12:34  05/09/25 12:34
ATOI     OBJ     4k      2 Dir RW       None   05/09/25 12:35  05/09/25 12:35
ATOL     OBJ     4k      4 Dir RW       None   05/09/25 12:35  05/09/25 12:35
BDOS     OBJ     4k      4 Dir RW       None   05/09/25 12:35  05/09/25 12:35
BIOS     OBJ     4k      5 Dir RW       None   05/09/25 12:35  05/09/25 12:35
BITFIELD OBJ     4k      2 Dir RW       None   05/09/25 12:35  05/09/25 12:35
BLKCLR   OBJ     4k      1 Dir RW       None   05/09/25 12:35  05/09/25 12:35
BLKCPY   OBJ     4k      2 Dir RW       None   05/09/25 12:35  05/09/25 12:35
BMOVE    OBJ     4k      1 Dir RW       None   05/09/25 12:35  05/09/25 12:35
BRELOP   OBJ     4k      1 Dir RW       None   05/09/25 12:35  05/09/25 12:35
BUF      OBJ     4k      3 Dir RW       None   05/09/25 12:36  05/09/25 12:36
CALLOC   OBJ     4k      4 Dir RW       None   05/09/25 12:36  05/09/25 12:36
CGETS    OBJ     4k      3 Dir RW       None   05/09/25 12:36  05/09/25 12:36
CHMOD    OBJ     4k      4 Dir RW       None   05/09/25 12:36  05/09/25 12:36
CLEANUP  OBJ     4k      7 Dir RW       None   05/09/25 12:36  05/09/25 12:36
CLOSE    OBJ     4k      5 Dir RW       None   05/09/25 12:37  05/09/25 12:37
CONVTIME OBJ     4k      5 Dir RW       None   05/09/25 12:37  05/09/25 12:37
CPUTS    OBJ     4k      2 Dir RW       None   05/09/25 12:37  05/09/25 12:37
CREAT    OBJ     4k      6 Dir RW       None   05/09/25 12:37  05/09/25 12:37
CSV      OBJ     4k      2 Dir RW       None   05/09/25 12:37  05/09/25 12:37
CTIME    OBJ     4k     17 Dir RW       None   05/09/25 12:38  05/09/25 12:38
CTYPE    OBJ     4k      2 Dir RW       None   05/09/25 12:38  05/09/25 12:38
CTYPE_   OBJ     4k      2 Dir RW       None   05/09/25 12:38  05/09/25 12:38
DOPRNT   OBJ     4k     17 Dir RW       None   05/09/25 12:39  05/09/25 12:39
DOSCAN   OBJ     4k     23 Dir RW       None   05/09/25 12:39  05/09/25 12:39
DUP      OBJ     4k      3 Dir RW       None   05/09/25 12:39  05/09/25 12:39
EXEC     OBJ     4k     22 Dir RW       None   05/09/25 12:40  05/09/25 12:40
EXECL    OBJ     4k      9 Dir RW       None   05/09/25 12:40  05/09/25 12:40
EXIT     OBJ     4k      2 Dir RW       None   05/09/25 12:40  05/09/25 12:40
FAKECLEA OBJ     4k      1 Dir RW       None   05/09/25 12:40  05/09/25 12:40
FAKECPCL OBJ     4k      1 Dir RW       None   05/09/25 12:40  05/09/25 12:40
FCBNAME  OBJ     4k     12 Dir RW       None   05/09/25 12:40  05/09/25 12:40
FCLOSE   OBJ     4k      3 Dir RW       None   05/09/25 12:41  05/09/25 12:41
FFLUSH   OBJ     4k      4 Dir RW       None   05/09/25 12:41  05/09/25 12:41
FGETC    OBJ     4k      4 Dir RW       None   05/09/25 12:41  05/09/25 12:41
FILBUF   OBJ     4k      6 Dir RW       None   05/09/25 12:41  05/09/25 12:41
FLSBUF   OBJ     4k      5 Dir RW       None   05/09/25 12:42  05/09/25 12:42
FOPEN    OBJ     4k      3 Dir RW       None   05/09/25 12:42  05/09/25 12:42
FPRINTF  OBJ     4k      2 Dir RW       None   05/09/25 12:42  05/09/25 12:42
FPUTC    OBJ     4k      5 Dir RW       None   05/09/25 12:42  05/09/25 12:42
FREAD    OBJ     4k      6 Dir RW       None   05/09/25 12:42  05/09/25 12:42
FRELOP   OBJ     4k      2 Dir RW       None   05/09/25 12:43  05/09/25 12:43
FREOPEN  OBJ     4k      9 Dir RW       None   05/09/25 12:43  05/09/25 12:43
FSCANF   OBJ     4k      2 Dir RW       None   05/09/25 12:43  05/09/25 12:43
FSEEK    OBJ     4k     11 Dir RW       None   05/09/25 12:43  05/09/25 12:43
FWRITE   OBJ     4k      7 Dir RW       None   05/09/25 12:44  05/09/25 12:44
GETARGS  OBJ     8k     37 Dir RW       None   05/09/25 12:45  05/09/25 12:45
GETCH    OBJ     4k      5 Dir RW       None   05/09/25 12:45  05/09/25 12:45
GETENV   OBJ     4k     14 Dir RW       None   05/09/25 12:46  05/09/25 12:46
GETFCB   OBJ     4k     16 Dir RW       None   05/09/25 12:46  05/09/25 12:46
GETS     OBJ     4k      4 Dir RW       None   05/09/25 12:46  05/09/25 12:46
GETSP    OBJ     4k      1 Dir RW       None   05/09/25 12:46  05/09/25 12:46
GETUID   OBJ     4k      2 Dir RW       None   05/09/25 12:47  05/09/25 12:47
GETW     OBJ     4k      3 Dir RW       None   05/09/25 12:47  05/09/25 12:47
IDIV     OBJ     4k      4 Dir RW       None   05/09/25 12:47  05/09/25 12:47
IMUL     OBJ     4k      2 Dir RW       None   05/09/25 12:47  05/09/25 12:47
INDEX    OBJ     4k      2 Dir RW       None   05/09/25 12:47  05/09/25 12:47
INOUT    OBJ     4k      2 Dir RW       None   05/09/25 12:47  05/09/25 12:47
IREGSET  OBJ     4k      1 Dir RW       None   05/09/25 12:47  05/09/25 12:47
ISALPHA  OBJ     4k      2 Dir RW       None   05/09/25 12:47  05/09/25 12:47
ISATTY   OBJ     4k      3 Dir RW       None   05/09/25 12:47  05/09/25 12:47
ISDIGIT  OBJ     4k      1 Dir RW       None   05/09/25 12:47  05/09/25 12:47
ISLOWER  OBJ     4k      1 Dir RW       None   05/09/25 12:47  05/09/25 12:47
ISSPACE  OBJ     4k      1 Dir RW       None   05/09/25 12:48  05/09/25 12:48
ISUPPER  OBJ     4k      1 Dir RW       None   05/09/25 12:48  05/09/25 12:48
LADD     OBJ     4k      1 Dir RW       None   05/09/25 12:48  05/09/25 12:48
LAND     OBJ     4k      1 Dir RW       None   05/09/25 12:48  05/09/25 12:48
LDIV     OBJ     4k      7 Dir RW       None   05/09/25 12:48  05/09/25 12:48
LIBCVER  OBJ     4k      1 Dir RW       None   05/09/25 13:00  05/09/25 13:00
LINC     OBJ     4k      2 Dir RW       None   05/09/25 12:48  05/09/25 12:48
LLRSH    OBJ     4k      1 Dir RW       None   05/09/25 12:48  05/09/25 12:48
LMUL     OBJ     4k      2 Dir RW       None   05/09/25 12:48  05/09/25 12:48
LONGJMP  OBJ     4k      2 Dir RW       None   05/09/25 12:48  05/09/25 12:48
LOR      OBJ     4k      1 Dir RW       None   05/09/25 12:48  05/09/25 12:48
LRELOP   OBJ     4k      2 Dir RW       None   05/09/25 12:48  05/09/25 12:48
LSUB     OBJ     4k      1 Dir RW       None   05/09/25 12:48  05/09/25 12:48
LXOR     OBJ     4k      1 Dir RW       None   05/09/25 12:48  05/09/25 12:48
MALLOC   OBJ     4k     14 Dir RW       None   05/09/25 12:49  05/09/25 12:49
MAX      OBJ     4k      1 Dir RW       None   05/09/25 12:49  05/09/25 12:49
MEMCMP   OBJ     4k      2 Dir RW       None   05/09/25 12:49  05/09/25 12:49
MEMCPY   OBJ     4k      2 Dir RW       None   05/09/25 12:49  05/09/25 12:49
MEMSET   OBJ     4k      2 Dir RW       None   05/09/25 12:49  05/09/25 12:49
MKTIME   OBJ     4k     10 Dir RW       None   05/09/25 12:50  05/09/25 12:50
OPEN     OBJ     4k     11 Dir RW       None   05/09/25 12:50  05/09/25 12:50
PERROR   OBJ     4k      5 Dir RW       None   05/09/25 12:50  05/09/25 12:50
PNUM     OBJ     4k      7 Dir RW       None   05/09/25 12:50  05/09/25 12:50
PRINTF   OBJ     4k      2 Dir RW       None   05/09/25 12:51  05/09/25 12:51
PUTCHAR  OBJ     4k      3 Dir RW       None   05/09/25 12:51  05/09/25 12:51
PUTS     OBJ     4k      3 Dir RW       None   05/09/25 12:51  05/09/25 12:51
PUTW     OBJ     4k      3 Dir RW       None   05/09/25 12:51  05/09/25 12:51
QSORT    OBJ     4k     10 Dir RW       None   05/09/25 12:52  05/09/25 12:52
RAND     OBJ     4k      3 Dir RW       None   05/09/25 12:52  05/09/25 12:52
RCSV     OBJ     4k      1 Dir RW       None   05/09/25 12:52  05/09/25 12:52
READ     OBJ     4k     15 Dir RW       None   05/09/25 12:52  05/09/25 12:52
REMOVE   OBJ     4k      2 Dir RW       None   05/09/25 12:52  05/09/25 12:52
RENAME   OBJ     4k      3 Dir RW       None   05/09/25 12:53  05/09/25 12:53
REWIND   OBJ     4k      2 Dir RW       None   05/09/25 12:53  05/09/25 12:53
RINDEX   OBJ     4k      2 Dir RW       None   05/09/25 12:53  05/09/25 12:53
SBRK     OBJ     4k      3 Dir RW       None   05/09/25 12:53  05/09/25 12:53
SCANF    OBJ     4k      2 Dir RW       None   05/09/25 12:53  05/09/25 12:53
SEEK     OBJ     4k      5 Dir RW       None   05/09/25 12:53  05/09/25 12:53
SETBUF   OBJ     4k      6 Dir RW       None   05/09/25 12:54  05/09/25 12:54
SHAR     OBJ     4k      1 Dir RW       None   05/09/25 12:54  05/09/25 12:54
SHLL     OBJ     4k      1 Dir RW       None   05/09/25 12:54  05/09/25 12:54
SHLR     OBJ     4k      1 Dir RW       None   05/09/25 12:54  05/09/25 12:54
SIGNAL   OBJ     4k      4 Dir RW       None   05/09/25 12:54  05/09/25 12:54
SPRINTF  OBJ     4k      3 Dir RW       None   05/09/25 12:54  05/09/25 12:54
SRAND    OBJ     4k      1 Dir RW       None   05/09/25 12:54  05/09/25 12:54
SRAND1   OBJ     4k      3 Dir RW       None   05/09/25 12:54  05/09/25 12:54
SSCANF   OBJ     4k      2 Dir RW       None   05/09/25 12:55  05/09/25 12:55
START1   OBJ     4k      2 Dir RW       None   05/09/25 12:55  05/09/25 12:55
START2   OBJ     4k      2 Dir RW       None   05/09/25 12:55  05/09/25 12:55
STAT     OBJ     4k     10 Dir RW       None   05/09/25 12:55  05/09/25 12:55
STDCLEAN OBJ     4k      4 Dir RW       None   05/09/25 12:55  05/09/25 12:55
STRCAT   OBJ     4k      1 Dir RW       None   05/09/25 12:55  05/09/25 12:55
STRCHR   OBJ     4k      1 Dir RW       None   05/09/25 12:55  05/09/25 12:55
STRCMP   OBJ     4k      1 Dir RW       None   05/09/25 12:56  05/09/25 12:56
STRCPY   OBJ     4k      1 Dir RW       None   05/09/25 12:56  05/09/25 12:56
STRDUP   OBJ     4k      3 Dir RW       None   05/09/25 12:56  05/09/25 12:56
STRFTIME OBJ     4k     31 Dir RW       None   05/09/25 12:57  05/09/25 12:57
STRICMP  OBJ     4k      1 Dir RW       None   05/09/25 12:57  05/09/25 12:57
STRISTR  OBJ     4k      3 Dir RW       None   05/09/25 12:57  05/09/25 12:57
STRLEN   OBJ     4k      1 Dir RW       None   05/09/25 12:57  05/09/25 12:57
STRNCAT  OBJ     4k      2 Dir RW       None   05/09/25 12:57  05/09/25 12:57
STRNCMP  OBJ     4k      2 Dir RW       None   05/09/25 12:57  05/09/25 12:57
STRNCPY  OBJ     4k      2 Dir RW       None   05/09/25 12:57  05/09/25 12:57
STRNICMP OBJ     4k      3 Dir RW       None   05/09/25 12:57  05/09/25 12:57
STRNISTR OBJ     4k      4 Dir RW       None   05/09/25 12:57  05/09/25 12:57
STRNSTR  OBJ     4k      4 Dir RW       None   05/09/25 12:58  05/09/25 12:58
STRRCHR  OBJ     4k      1 Dir RW       None   05/09/25 12:58  05/09/25 12:58
STRSTR   OBJ     4k      3 Dir RW       None   05/09/25 12:58  05/09/25 12:58
STRTOK   OBJ     4k      4 Dir RW       None   05/09/25 12:58  05/09/25 12:58
SWAP     OBJ     4k      2 Dir RW       None   05/09/25 12:58  05/09/25 12:58
SYS_ERR  OBJ     4k      6 Dir RW       None   05/09/25 12:58  05/09/25 12:58
TIME     OBJ     4k      3 Dir RW       None   05/09/25 12:59  05/09/25 12:59
TIMEZONE OBJ     4k      1 Dir RW       None   05/09/25 12:59  05/09/25 12:59
TOLOWER  OBJ     4k      1 Dir RW       None   05/09/25 12:59  05/09/25 12:59
TOUPPER  OBJ     4k      1 Dir RW       None   05/09/25 12:59  05/09/25 12:59
UNGETC   OBJ     4k      3 Dir RW       None   05/09/25 12:59  05/09/25 12:59
UNLINK   OBJ     4k      4 Dir RW       None   05/09/25 12:59  05/09/25 12:59
WRELOP   OBJ     4k      1 Dir RW       None   05/09/25 12:59  05/09/25 12:59
WRITE    OBJ     4k     14 Dir RW       None   05/09/25 13:00  05/09/25 13:00
XTOI     OBJ     4k      2 Dir RW       None   05/09/25 13:00  05/09/25 13:00
ZC280CPM OBJ     4k      9 Dir RW       None   05/09/25 13:00  05/09/25 13:00
ZD280CPM OBJ     4k      3 Dir RW       None   05/09/25 13:00  05/09/25 13:00
ZN280CPM OBJ     4k     10 Dir RW       None   05/09/25 13:00  05/09/25 13:00
ZR280CPM OBJ     4k     11 Dir RW       None   05/09/25 13:00  05/09/25 13:00
_EXIT    OBJ     4k      2 Dir RW       None   05/09/25 12:40  05/09/25 12:40

Total Bytes     =    672k  Total Records =     695  Files Found =  167
Total 1k Blocks =    198   Used/Max Dir Entries For Drive M:  233/ 512

10E>era e:lib280c.lbr
10E>; Enter the number of files from above DIR command when prompted
10E>nulu e:lib280c.lbr -a m:*.obj -x
A:NULU     COM  (User 0)
^ZNULU 1.52  (07/12/87)
Copyright (C) 1984, 1985 & 1987 by Martin Murray
Bug fixes in version 1.52 by Mick Waters

TYPE -H FOR HELP


COMPLIBC.LOG | ABORT   .C   | ABS     .AS  | ALLSH   .AS  | ALRSH   .AS 
ASALLSH .AS  | ASALRSH .AS  | ASAR    .AS  | ASDIV   .AS  | ASLADD  .AS 
ASLAND  .AS  | ASLL    .AS  | ASLLRSH .AS  | ASLMUL  .AS  | ASLOR   .AS 
ASLR    .AS  | ASLSUB  .AS  | ASLXOR  .AS  | ASMOD   .AS  | ASMUL   .AS 
ASSERT  .C   | ATOI    .AS  | ATOL    .C   | B280OVR .SUB | BUILDALL.SUB
ABORT   .OBJ | BITFIELD.AS  | BLKCLR  .AS  | BLKCPY  .C   | BMOVE   .AS 
BRELOP  .AS  | BUF     .C   | TESTBDOS.C   | ABS     .OBJ | BUILD-C2.SUB
BUILDCPM.SUB | BUILDCRT.SUB | BUILDGEN.SUB | BUILDOVR.SUB | BUILDSTD.SUB
C       .C   | C-JS    .C   | C-ORIG  .C   | TESTARGS.COM | OPTIMH  .C  
TESTBDOS.COM | C280LIBC.SUB | C280OPTS.    | _EXIT   .AS  | BDOS    .AS 
OPTIMH  .COM | CALLOC  .C   | CGETS   .C   | CHMOD   .C   | CLEANUP .C  
CLOSE   .C   | BIOS    .AS  | EXIT    .AS  | BUILD-C .LOG | ZCRTCPM .AS 
CONVTIME.C   | CPUTS   .C   | CREAT   .C   | CSV     .AS  | CSV-CPM .AS 
CTIME   .C   | CTYPE   .C   | CTYPE_  .C   | DECODE  .C   | DEHUFF  .C  
DEHUFF  .COM | DOPRNT  .C   | DOSCAN  .C   | DUP     .C   | ENCODE  .C  
ENHUFF  .C   | ENHUFF  .COM | ENVIRON .    | EXEC    .AS  | EXECL   .AS 
ALLSH   .OBJ | EXIT    .C   | FAKECLEA.AS  | FAKECLEA.C   | FAKECPCL.AS 
FCBNAME .C   | FCLOSE  .C   | C280Z80 .COM | ALRSH   .OBJ | FILBUF  .C  
FILESIZE.C   | ASALLSH .OBJ | FLSBUF  .C   | FOPEN   .C   | FPRINTF .C  
FPUTC   .AS  | FREAD   .C   | FRELOP  .AS  | FREOPEN .C   | FSCANF  .C  
ASALRSH .OBJ | ZAS-SRC .LBR | GETARGS .C   | GETCH   .C   | GETENV  .C  
GETFCB  .C   | GETS    .C   | GETSP   .AS  | GETUID  .AS  | GETW    .C  
HELLO   .C   | HELLOS  .C   | HUFF    .H   | IDIV    .AS  | IMUL    .AS 
INDEX   .AS  | INOUT   .AS  | IREGSET .AS  | ISALPHA .AS  | ISATTY  .C  
ISDIGIT .AS  | ISLOWER .AS  | ISSPACE .AS  | ISUPPER .AS  | LADD    .AS 
LAND    .AS  | LDIV    .AS  | LIBCVER .C   | LIBOVR  .SUB | LIBSYM  .PAS
LINC    .AS  | LISTLIBS.SUB | LISTMODC.SUB | LLRSH   .AS  | LMUL    .AS 
LONGJMP .AS  | LOR     .AS  | LRELOP  .AS  | LSUB    .AS  | LXOR    .AS 
M280LIBC.LOG | M280LIBV.SUB | MAKEFILE.COD | MAKEFILE.CPM | ASAR    .OBJ
MAKEFILE.GEN | MAKEFILE.STD | ZNRTCPM .AS  | ASDIV   .OBJ | MALLOC  .C  
MAX     .AS  | MEMCMP  .C   | MEMCPY  .C   | MEMSET  .C   | MISC    .C  
MKTIME  .C   | NOMAIN  .C   | OBJDUMP .COM | OPEN    .C   | ASLADD  .OBJ
ASLAND  .OBJ | OPTIONS .    | OVRBGN  .AS  | OVREADME.TXT | OVRLOAD .C  
PERROR  .C   | PNUM    .C   | PRINTF  .C   | PUTCHAR .C   | PUTS    .C  
PUTW    .C   | QSORT   .C   | RAND    .C   | RCSV    .AS  | READ    .C  
RELIBCPM.SUB | RELIBGEN.SUB | RELIBSTD.SUB | REMOVE  .C   | RENAME  .C  
REWIND  .C   | RINDEX  .AS  | SBRK    .AS  | SCANF   .C   | SEEK    .C  
SETBUF  .C   | SHAR    .AS  | SHLL    .AS  | SHLR    .AS  | SIGNAL-O.C  
SPRINTF .C   | SRAND   .AS  | SRAND1  .C   | SSCANF  .C   | START1  .AS 
START2  .AS  | STAT    .C   | ASLL    .OBJ | STDCLEAN.C   | STDIO   .I  
STRCAT  .AS  | STRCHR  .AS  | STRCMP  .AS  | STRCPY  .AS  | STRDUP  .C  
STRFTIME.C   | STRICMP .AS  | STRISTR .C   | STRLEN  .AS  | STRNCAT .AS 
STRNCMP .AS  | STRNCPY .AS  | STRNICMP.AS  | STRNISTR.C   | STRNSTR .C  
STRRCHR .AS  | STRSTR  .C   | STRTOK  .C   | SWAP    .AS  | SYMTOAS .C  
SYMTOAS .COM | SYS_ERR .C   | TEST    .LOG | TEST-OPT.AS  | TESTAES .C  
TESTAES .COM | TESTARGS.C   | ASLLRSH .OBJ | ASLMUL  .OBJ | TESTBIOS.C  
ZRRTCPM .AS  | TESTBUG .AS  | TESTBUG .C   | TESTENV .C   | TESTFILE.C  
ASLOR   .OBJ | TESTFTIM.C   | ASLR    .OBJ | TESTHELL.C   | ASLSUB  .OBJ
TESTIO  .C   | ASLXOR  .OBJ | TESTIO  .ERR | TESTIO  .STA | TESTL   .C  
ZC280CPM.AS  | TESTLTOF.AS  | TESTLTOF.C   | TESTOPTH.AS  | TESTOVR .C  
ASMOD   .OBJ | TESTOVR1.C   | ZN280CPM.AS  | TESTOVR2.C   | ZR280CPM.AS 
ASMUL   .OBJ | TESTPR  .C   | ASSERT  .OBJ | TESTPWD .C   | TESTQSRT.C  
TESTRC  .C   | ATOI    .OBJ | TESTREL .C   | TESTSTR .C   | ATOL    .OBJ
TESTSUB .C   | TESTTRIG.C   | BDOS    .OBJ | TESTUID .C   | TESTVER .C  
TESTVER .SUB | TESTVIEW.C   | TESTWILD.C   | BIOS    .OBJ | TIME    .C  
TIMEZONE.C   | TOLOWER .AS  | TOUPPER .AS  | FGETC   .AS  | BITFIELD.OBJ
BLKCLR  .OBJ | BLKCPY  .OBJ | UNGETC  .C   | UNLINK  .C   | WRELOP  .AS 
WRITE   .C   | XTOI    .AS  | BMOVE   .OBJ | BRELOP  .OBJ | ZD280CPM.AS 
ZDRTCPM .AS  | BUF     .OBJ | CALLOC  .OBJ | CGETS   .OBJ | CHMOD   .OBJ
ZXCCCPM .AS  | CLEANUP .OBJ | CLOSE   .OBJ | CONVTIME.OBJ | CPUTS   .OBJ
CREAT   .OBJ | CSV     .OBJ | CTIME   .OBJ | CTYPE_  .OBJ | CTYPE   .OBJ
COMPLIBC.SUB | DOPRNT  .OBJ | DOSCAN  .OBJ | DUP     .OBJ | EXEC    .OBJ
EXECL   .OBJ | _EXIT   .OBJ | EXIT    .OBJ | FAKECLEA.OBJ | FAKECPCL.OBJ
FCBNAME .OBJ | FCLOSE  .OBJ | FFLUSH  .OBJ | FGETC   .OBJ | FILBUF  .OBJ
FLSBUF  .OBJ | FOPEN   .OBJ | FPRINTF .OBJ | FPUTC   .OBJ | FREAD   .OBJ
FRELOP  .OBJ | FREOPEN .OBJ | FSCANF  .OBJ | FSEEK   .OBJ | FWRITE  .OBJ
GETARGS .OBJ | GETCH   .OBJ | GETENV  .OBJ | GETFCB  .OBJ | GETS    .OBJ
GETSP   .OBJ | GETUID  .OBJ | GETW    .OBJ | IDIV    .OBJ | IMUL    .OBJ
INDEX   .OBJ | INOUT   .OBJ | IREGSET .OBJ | ISALPHA .OBJ | ISATTY  .OBJ
ISDIGIT .OBJ | ISLOWER .OBJ | ISSPACE .OBJ | ISUPPER .OBJ | LADD    .OBJ
LAND    .OBJ | LDIV    .OBJ | LINC    .OBJ | LLRSH   .OBJ | FFLUSH  .C  
LMUL    .OBJ | LONGJMP .OBJ | LOR     .OBJ | LRELOP  .OBJ | LSUB    .OBJ
LXOR    .OBJ | MALLOC  .OBJ | MAX     .OBJ | MEMCMP  .OBJ | MEMCPY  .OBJ
MEMSET  .OBJ | MKTIME  .OBJ | OPEN    .OBJ | PERROR  .OBJ | PNUM    .OBJ
PRINTF  .OBJ | PUTCHAR .OBJ | PUTS    .OBJ | PUTW    .OBJ | QSORT   .OBJ
RAND    .OBJ | RCSV    .OBJ | READ    .OBJ | REMOVE  .OBJ | RENAME  .OBJ
REWIND  .OBJ | RINDEX  .OBJ | SBRK    .OBJ | SCANF   .OBJ | SEEK    .OBJ
SETBUF  .OBJ | SHAR    .OBJ | SHLL    .OBJ | SHLR    .OBJ | SIGNAL  .OBJ
SPRINTF .OBJ | SRAND1  .OBJ | SRAND   .OBJ | SSCANF  .OBJ | START1  .OBJ
START2  .OBJ | STAT    .OBJ | STDCLEAN.OBJ | STRCAT  .OBJ | STRCHR  .OBJ
STRCMP  .OBJ | STRCPY  .OBJ | STRDUP  .OBJ | STRFTIME.OBJ | STRICMP .OBJ
STRISTR .OBJ | STRLEN  .OBJ | STRNCAT .OBJ | STRNCMP .OBJ | STRNCPY .OBJ
STRNICMP.OBJ | STRNISTR.OBJ | STRNSTR .OBJ | STRRCHR .OBJ | STRSTR  .OBJ
STRTOK  .OBJ | SWAP    .OBJ | SYS_ERR .OBJ | TIME    .OBJ | TIMEZONE.OBJ
TOLOWER .OBJ | TOUPPER .OBJ | UNGETC  .OBJ | UNLINK  .OBJ | WRELOP  .OBJ
WRITE   .OBJ | FILESIZE.COM | @LIBC309.-20 | XTOI    .OBJ | ZCRTCPM .OBJ
LIBOVR  .LIB | C280LIBC.LOG | ZDRTCPM .OBJ | EXEC-BLD.SUB | FGETC   .C  
FGETC-O .AS  | TESTVER .COM | FPUTC   .C   | FPUTC-O .AS  | FSHOW   .C  
ZNRTCPM .OBJ | ZRRTCPM .OBJ | LIBCVER .OBJ | MAKELIBC.LOG | TEST    .DAT
TESTBIOS.COM | TESTFILE.COM | TESTFTIM.COM | TESTHELL.COM | TESTIO  .COM
TESTOVR .COM | TESTOVR1.OVR | TESTOVR2.OVR | TESTOVRX.SYM | TESTPR  .COM
TESTRC  .COM | TESTSTR .COM | TESTTRIG.COM | TESTUID .COM | TESTVIEW.COM
TESTWILD.COM | LIBC20  .LIB | LIB280C .LIB | BUILD-C .SUB | ZC280CPM.OBJ
ZD280CPM.OBJ | ZN280CPM.OBJ | ZR280CPM.OBJ | SIGNAL  .C   | C309-20 .COM
C280-20 .COM | M280LIBC.SUB | TEST280 .LOG | TEST-OPT.AS2 | TEST    .SUB
TEST280 .SUB | TEST-OPT.AS3 | OPTIMH80.COM | FSEEK   .C   | FWRITE  .C  
MKLIBC  .SUB | C309-20 .C   | MAKELIBC.SUB | 
Drive E: Total 8000k, Used 7456k, Free 544k

Library E10:LIB280C.LBR^G not found.
  To make it, enter the number of entries to allow.
  Press RETURN now to abort making the library.
Allow how many entries: 167
Library E10:LIB280C.LBR open.
(Buffer size: 216 sectors)
Active entries: 1, Deleted: 0, Free: 167, Total: 168.
Adding:    M10:ISLOWER .OBJ
Adding:    M10:ISSPACE .OBJ
Adding:    M10:ISUPPER .OBJ
Adding:    M10:ABORT   .OBJ
Adding:    M10:ABS     .OBJ
Adding:    M10:ALLSH   .OBJ
Adding:    M10:ALRSH   .OBJ
Adding:    M10:ASALLSH .OBJ
Adding:    M10:ASALRSH .OBJ
Adding:    M10:ASAR    .OBJ
Adding:    M10:ASDIV   .OBJ
Adding:    M10:ASLADD  .OBJ
Adding:    M10:ASLAND  .OBJ
Adding:    M10:ASLL    .OBJ
Adding:    M10:ASLLRSH .OBJ
Adding:    M10:ASLMUL  .OBJ
Adding:    M10:ASLOR   .OBJ
Adding:    M10:ASLR    .OBJ
Adding:    M10:ASLSUB  .OBJ
Adding:    M10:ASLXOR  .OBJ
Adding:    M10:ASMOD   .OBJ
Adding:    M10:ASMUL   .OBJ
Adding:    M10:ASSERT  .OBJ
Adding:    M10:ATOI    .OBJ
Adding:    M10:ATOL    .OBJ
Adding:    M10:BDOS    .OBJ
Adding:    M10:BIOS    .OBJ
Adding:    M10:BITFIELD.OBJ
Adding:    M10:BLKCLR  .OBJ
Adding:    M10:BLKCPY  .OBJ
Adding:    M10:BMOVE   .OBJ
Adding:    M10:BRELOP  .OBJ
Adding:    M10:BUF     .OBJ
Adding:    M10:CALLOC  .OBJ
Adding:    M10:CGETS   .OBJ
Adding:    M10:CHMOD   .OBJ
Adding:    M10:CLEANUP .OBJ
Adding:    M10:CLOSE   .OBJ
Adding:    M10:CONVTIME.OBJ
Adding:    M10:CPUTS   .OBJ
Adding:    M10:CREAT   .OBJ
Adding:    M10:CSV     .OBJ
Adding:    M10:CTIME   .OBJ
Adding:    M10:CTYPE_  .OBJ
Adding:    M10:CTYPE   .OBJ
Adding:    M10:DOPRNT  .OBJ
Adding:    M10:DOSCAN  .OBJ
Adding:    M10:DUP     .OBJ
Adding:    M10:EXEC    .OBJ
Adding:    M10:EXECL   .OBJ
Adding:    M10:_EXIT   .OBJ
Adding:    M10:EXIT    .OBJ
Adding:    M10:FAKECLEA.OBJ
Adding:    M10:FAKECPCL.OBJ
Adding:    M10:FCBNAME .OBJ
Adding:    M10:FCLOSE  .OBJ
Adding:    M10:FFLUSH  .OBJ
Adding:    M10:FGETC   .OBJ
Adding:    M10:FILBUF  .OBJ
Adding:    M10:FLSBUF  .OBJ
Adding:    M10:FOPEN   .OBJ
Adding:    M10:FPRINTF .OBJ
Adding:    M10:FPUTC   .OBJ
Adding:    M10:FREAD   .OBJ
Adding:    M10:FRELOP  .OBJ
Adding:    M10:FREOPEN .OBJ
Adding:    M10:FSCANF  .OBJ
Adding:    M10:FSEEK   .OBJ
Adding:    M10:FWRITE  .OBJ
Adding:    M10:GETARGS .OBJ
Adding:    M10:GETCH   .OBJ
Adding:    M10:GETENV  .OBJ
Adding:    M10:GETFCB  .OBJ
Adding:    M10:GETS    .OBJ
Adding:    M10:GETSP   .OBJ
Adding:    M10:GETUID  .OBJ
Adding:    M10:GETW    .OBJ
Adding:    M10:IDIV    .OBJ
Adding:    M10:IMUL    .OBJ
Adding:    M10:INDEX   .OBJ
Adding:    M10:INOUT   .OBJ
Adding:    M10:IREGSET .OBJ
Adding:    M10:ISALPHA .OBJ
Adding:    M10:ISATTY  .OBJ
Adding:    M10:ISDIGIT .OBJ
Adding:    M10:LADD    .OBJ
Adding:    M10:LAND    .OBJ
Adding:    M10:LDIV    .OBJ
Adding:    M10:LINC    .OBJ
Adding:    M10:LLRSH   .OBJ
Adding:    M10:LMUL    .OBJ
Adding:    M10:LONGJMP .OBJ
Adding:    M10:LOR     .OBJ
Adding:    M10:LRELOP  .OBJ
Adding:    M10:LSUB    .OBJ
Adding:    M10:LXOR    .OBJ
Adding:    M10:MALLOC  .OBJ
Adding:    M10:MAX     .OBJ
Adding:    M10:MEMCMP  .OBJ
Adding:    M10:MEMCPY  .OBJ
Adding:    M10:MEMSET  .OBJ
Adding:    M10:MKTIME  .OBJ
Adding:    M10:OPEN    .OBJ
Adding:    M10:PERROR  .OBJ
Adding:    M10:PNUM    .OBJ
Adding:    M10:PRINTF  .OBJ
Adding:    M10:PUTCHAR .OBJ
Adding:    M10:PUTS    .OBJ
Adding:    M10:PUTW    .OBJ
Adding:    M10:QSORT   .OBJ
Adding:    M10:RAND    .OBJ
Adding:    M10:RCSV    .OBJ
Adding:    M10:READ    .OBJ
Adding:    M10:REMOVE  .OBJ
Adding:    M10:RENAME  .OBJ
Adding:    M10:REWIND  .OBJ
Adding:    M10:RINDEX  .OBJ
Adding:    M10:SBRK    .OBJ
Adding:    M10:SCANF   .OBJ
Adding:    M10:SEEK    .OBJ
Adding:    M10:SETBUF  .OBJ
Adding:    M10:SHAR    .OBJ
Adding:    M10:SHLL    .OBJ
Adding:    M10:SHLR    .OBJ
Adding:    M10:SIGNAL  .OBJ
Adding:    M10:SPRINTF .OBJ
Adding:    M10:SRAND1  .OBJ
Adding:    M10:SRAND   .OBJ
Adding:    M10:SSCANF  .OBJ
Adding:    M10:START1  .OBJ
Adding:    M10:START2  .OBJ
Adding:    M10:STAT    .OBJ
Adding:    M10:STDCLEAN.OBJ
Adding:    M10:STRCAT  .OBJ
Adding:    M10:STRCHR  .OBJ
Adding:    M10:STRCMP  .OBJ
Adding:    M10:STRCPY  .OBJ
Adding:    M10:STRDUP  .OBJ
Adding:    M10:STRFTIME.OBJ
Adding:    M10:STRICMP .OBJ
Adding:    M10:STRISTR .OBJ
Adding:    M10:STRLEN  .OBJ
Adding:    M10:STRNCAT .OBJ
Adding:    M10:STRNCMP .OBJ
Adding:    M10:STRNCPY .OBJ
Adding:    M10:STRNICMP.OBJ
Adding:    M10:STRNISTR.OBJ
Adding:    M10:STRNSTR .OBJ
Adding:    M10:STRRCHR .OBJ
Adding:    M10:STRSTR  .OBJ
Adding:    M10:STRTOK  .OBJ
Adding:    M10:SWAP    .OBJ
Adding:    M10:SYS_ERR .OBJ
Adding:    M10:TIME    .OBJ
Adding:    M10:TIMEZONE.OBJ
Adding:    M10:TOLOWER .OBJ
Adding:    M10:TOUPPER .OBJ
Adding:    M10:UNGETC  .OBJ
Adding:    M10:UNLINK  .OBJ
Adding:    M10:WRELOP  .OBJ
Adding:    M10:WRITE   .OBJ
Adding:    M10:XTOI    .OBJ
Adding:    M10:ZC280CPM.OBJ
Adding:    M10:ZD280CPM.OBJ
Adding:    M10:ZN280CPM.OBJ
Adding:    M10:ZR280CPM.OBJ
Adding:    M10:LIBCVER .OBJ
Active entries: 168, Deleted: 0, Free: 0, Total: 168.

Closing E10:LIB280C.LBR...


10E>; Finally copy over the start-up modules
10E>pip e:=m:z?280cpm.obj
A:PIP      COM  (User 0)

COPYING -
ZC280CPM.OBJ
ZD280CPM.OBJ
ZN280CPM.OBJ
ZR280CPM.OBJ

10E>;
10E>put console to console
A:PUT      COM  (User 0)
