
10E>;
10E>date
A:DATE     COM  (User 0)
Fri 05/09/2025 13:20:24
10E>;
10E>; Build Z80 version
10E>c -o -v c309-20.c
A:C        COM  (User 0)
Hi-Tech Z80 C Compiler (CP/M-80) V3.09-20
Copyright (C) 1984-87 HI-TECH SOFTWARE
Updated from https://github.com/agn453/HI-TECH-Z80-C
0:A:CPP -DCPM -DHI_TECH_C -Dz80 -I0:A: C309-20.C M:$CTMP1.$$$
0:A:P1 M:$CTMP1.$$$ M:$CTMP2.$$$ M:$CTMP3.$$$
0:A:CGEN M:$CTMP2.$$$ M:$CTMP1.$$$
0:A:OPTIM M:$CTMP1.$$$ M:$CTMP2.$$$
0:A:ZAS -J -N -OC309-20.OBJ M:$CTMP2.$$$
ERA M:$CTMP1.$$$
ERA M:$CTMP2.$$$
ERA M:$CTMP3.$$$
ERA M:$CTMP5.$$$
0:A:LINQ -Z -Ptext=0,data,bss -C100H -OC309-20.COM 0:A:CRTCPM.OBJ C309-20.OBJ 0:A:LIBC.LIB
ERA C309-20.OBJ
ERA M:$$EXEC.$$$

10E>;
10E>; Now build Z280 version
10E>;
10E>; First a Z280 version using the Z80 LIBC.LIB (runs on Z80)
10E>c309-20 -o -v -ec280z80.com -dZ280 c309-20.c
E:C309-20  COM
Hi-Tech Z80 C Compiler (CP/M-80) V3.09-20
Copyright (C) 1984-87 HI-TECH SOFTWARE
Updated from https://github.com/agn453/HI-TECH-Z80-C
0:A:CPP -DCPM -DHI_TECH_C -Dz80 -DZ280 -I0:A: C309-20.C M:$CTMP1.$$$
0:A:P1 M:$CTMP1.$$$ M:$CTMP2.$$$ M:$CTMP3.$$$
0:A:CGEN M:$CTMP2.$$$ M:$CTMP1.$$$
0:A:OPTIM M:$CTMP1.$$$ M:$CTMP2.$$$
0:A:ZAS -J -N -OC309-20.OBJ M:$CTMP2.$$$
ERA M:$CTMP1.$$$
ERA M:$CTMP2.$$$
ERA M:$CTMP3.$$$
ERA M:$CTMP5.$$$
0:A:LINQ -Z -Ptext=0,data,bss -C100H -OC280Z80.COM 0:A:CRTCPM.OBJ C309-20.OBJ 0:A:LIBC.LIB
ERA C309-20.OBJ
ERA M:$$EXEC.$$$

10E>;
10E>; and the Z280 optimized version from it (only runs on a Z280)
10E>c280z80 -of2 -v -ec280-20.com c309-20.c
E:C280Z80  COM
Hi-Tech Z280 C Compiler (CP/M-80) V3.09-20
Copyright (C) 1984-87 HI-TECH SOFTWARE
Updated from https://github.com/agn453/HI-TECH-Z80-C
0:A:CPP -DCPM -DHI_TECH_C -Dz80 -DZ280 -I0:A: C309-20.C M:$CTMP1.$$$
0:A:P1 M:$CTMP1.$$$ M:$CTMP2.$$$ M:$CTMP3.$$$
0:A:CGEN M:$CTMP2.$$$ M:$CTMP1.$$$
0:A:OPTIM -F M:$CTMP1.$$$ M:$CTMP2.$$$
0:A:OPTIMH -F M:$CTMP2.$$$ M:$CTMP5.$$$
 496 bytes speed optimised away
 1643 bytes replaced
0:A:ZAS -N -OC309-20.OBJ M:$CTMP5.$$$
ERA M:$CTMP1.$$$
ERA M:$CTMP2.$$$
ERA M:$CTMP3.$$$
ERA M:$CTMP5.$$$
0:A:LINQ -Z -Ptext=0,data,bss -C100H -OC280-20.COM 0:A:C280CPM.OBJ C309-20.OBJ 0:A:LIB280C.LIB
ERA C309-20.OBJ
ERA M:$$EXEC.$$$

10E>;
10E>; plus a Z80 version of the Z280 optimisation program in case
10E>; we need to bootstrap a new LIB280C.LIB using the Z80 C280Z80
10E>; compiler front end on a Z80
10E>c280z80 -o2 -v -eoptimh80.com optimh.c
E:C280Z80  COM
Hi-Tech Z280 C Compiler (CP/M-80) V3.09-20
Copyright (C) 1984-87 HI-TECH SOFTWARE
Updated from https://github.com/agn453/HI-TECH-Z80-C
0:A:CPP -DCPM -DHI_TECH_C -Dz80 -DZ280 -I0:A: OPTIMH.C M:$CTMP1.$$$
0:A:P1 M:$CTMP1.$$$ M:$CTMP2.$$$ M:$CTMP3.$$$
0:A:CGEN M:$CTMP2.$$$ M:$CTMP1.$$$
0:A:OPTIM M:$CTMP1.$$$ M:$CTMP2.$$$
0:A:OPTIMH M:$CTMP2.$$$ M:$CTMP5.$$$
 244 bytes size optimised away
 442 bytes replaced
0:A:ZAS -J -N -OOPTIMH.OBJ M:$CTMP5.$$$
ERA M:$CTMP1.$$$
ERA M:$CTMP2.$$$
ERA M:$CTMP3.$$$
ERA M:$CTMP5.$$$
0:A:LINQ -Z -Ptext=0,data,bss -C100H -OOPTIMH80.COM 0:A:C280CPM.OBJ OPTIMH.OBJ 0:A:LIB280C.LIB
ERA OPTIMH.OBJ
ERA M:$$EXEC.$$$

10E>;
10E>; Build the optimiser with the Z280 compiler front-end (may fail
10E>; if the LIB280C.LIB library is not present or compatible with
10E>; the latest updates - use C280Z80 and OPTIMH80 instead.
10E>c280-20 -o2 -v optimh.c
E:C280-20  COM
Hi-Tech Z280 C Compiler (CP/M-80) V3.09-20
Copyright (C) 1984-87 HI-TECH SOFTWARE
Updated from https://github.com/agn453/HI-TECH-Z80-C
0:A:CPP -DCPM -DHI_TECH_C -Dz80 -DZ280 -I0:A: OPTIMH.C M:$CTMP1.$$$
0:A:P1 M:$CTMP1.$$$ M:$CTMP2.$$$ M:$CTMP3.$$$
0:A:CGEN M:$CTMP2.$$$ M:$CTMP1.$$$
0:A:OPTIM M:$CTMP1.$$$ M:$CTMP2.$$$
0:A:OPTIMH M:$CTMP2.$$$ M:$CTMP5.$$$
 244 bytes size optimised away
 442 bytes replaced
0:A:ZAS -J -N -OOPTIMH.OBJ M:$CTMP5.$$$
ERA M:$CTMP1.$$$
ERA M:$CTMP2.$$$
ERA M:$CTMP3.$$$
ERA M:$CTMP5.$$$
0:A:LINQ -Z -Ptext=0,data,bss -C100H -OOPTIMH.COM 0:A:C280CPM.OBJ OPTIMH.OBJ 0:A:LIB280C.LIB
ERA OPTIMH.OBJ
ERA M:$$EXEC.$$$

10E>;
10E>dir c*.com [fu
A:DIR      COM  (User 0)

Scanning Directory...

Sorting  Directory...

Directory For Drive E:  User 10

    Name     Bytes   Recs   Attributes   Prot      Update          Create    
------------ ------ ------ ------------ ------ --------------  --------------

C280-20  COM    28k    198 Dir RW       None   05/09/25 13:30  05/09/25 13:30
C280Z80  COM    28k    215 Dir RW       None   05/09/25 13:26  05/09/25 13:26
C309-20  COM    28k    209 Dir RW       None   05/09/25 13:23  05/09/25 13:23

Total Bytes     =     84k  Total Records =     622  Files Found =    3
Total 1k Blocks =     79   Used/Max Dir Entries For Drive E: 1129/2048

10E>dir optimh.com [fu
A:DIR      COM  (User 0)

Scanning Directory...

Directory For Drive E:  User 10

    Name     Bytes   Recs   Attributes   Prot      Update          Create    
------------ ------ ------ ------------ ------ --------------  --------------

OPTIMH   COM    20k    151 Dir RW       None   05/09/25 13:36  05/09/25 13:36

Total Bytes     =     20k  Total Records =     151  Files Found =    1
Total 1k Blocks =     19   Used/Max Dir Entries For Drive E: 1129/2048

10E>;
10E>; Done
10E>put console to console
A:PUT      COM  (User 0)
